Archive member included to satisfy reference by file (symbol)

/home/zhc/stm32_tool/arm-gnu-toolchain-11.3.rel1-x86_64-arm-none-eabi/bin/../lib/gcc/arm-none-eabi/11.3.1/../../../../arm-none-eabi/lib/thumb/v7e-m+fp/hard/libstdc++.a(del_opv.o)
                              build/dvl_reader.o (operator delete[](void*))
/home/zhc/stm32_tool/arm-gnu-toolchain-11.3.rel1-x86_64-arm-none-eabi/bin/../lib/gcc/arm-none-eabi/11.3.1/../../../../arm-none-eabi/lib/thumb/v7e-m+fp/hard/libstdc++.a(eh_arm.o)
                              build/main.o (__cxa_end_cleanup)
/home/zhc/stm32_tool/arm-gnu-toolchain-11.3.rel1-x86_64-arm-none-eabi/bin/../lib/gcc/arm-none-eabi/11.3.1/../../../../arm-none-eabi/lib/thumb/v7e-m+fp/hard/libstdc++.a(eh_exception.o)
                              /home/zhc/stm32_tool/arm-gnu-toolchain-11.3.rel1-x86_64-arm-none-eabi/bin/../lib/gcc/arm-none-eabi/11.3.1/../../../../arm-none-eabi/lib/thumb/v7e-m+fp/hard/libstdc++.a(eh_arm.o) (typeinfo for __cxxabiv1::__forced_unwind)
/home/zhc/stm32_tool/arm-gnu-toolchain-11.3.rel1-x86_64-arm-none-eabi/bin/../lib/gcc/arm-none-eabi/11.3.1/../../../../arm-none-eabi/lib/thumb/v7e-m+fp/hard/libstdc++.a(eh_globals.o)
                              /home/zhc/stm32_tool/arm-gnu-toolchain-11.3.rel1-x86_64-arm-none-eabi/bin/../lib/gcc/arm-none-eabi/11.3.1/../../../../arm-none-eabi/lib/thumb/v7e-m+fp/hard/libstdc++.a(eh_arm.o) (__cxa_get_globals)
/home/zhc/stm32_tool/arm-gnu-toolchain-11.3.rel1-x86_64-arm-none-eabi/bin/../lib/gcc/arm-none-eabi/11.3.1/../../../../arm-none-eabi/lib/thumb/v7e-m+fp/hard/libstdc++.a(eh_personality.o)
                              build/main.o (__gxx_personality_v0)
/home/zhc/stm32_tool/arm-gnu-toolchain-11.3.rel1-x86_64-arm-none-eabi/bin/../lib/gcc/arm-none-eabi/11.3.1/../../../../arm-none-eabi/lib/thumb/v7e-m+fp/hard/libstdc++.a(eh_terminate.o)
                              /home/zhc/stm32_tool/arm-gnu-toolchain-11.3.rel1-x86_64-arm-none-eabi/bin/../lib/gcc/arm-none-eabi/11.3.1/../../../../arm-none-eabi/lib/thumb/v7e-m+fp/hard/libstdc++.a(eh_arm.o) (std::terminate())
/home/zhc/stm32_tool/arm-gnu-toolchain-11.3.rel1-x86_64-arm-none-eabi/bin/../lib/gcc/arm-none-eabi/11.3.1/../../../../arm-none-eabi/lib/thumb/v7e-m+fp/hard/libstdc++.a(eh_unex_handler.o)
                              /home/zhc/stm32_tool/arm-gnu-toolchain-11.3.rel1-x86_64-arm-none-eabi/bin/../lib/gcc/arm-none-eabi/11.3.1/../../../../arm-none-eabi/lib/thumb/v7e-m+fp/hard/libstdc++.a(eh_terminate.o) (__cxxabiv1::__unexpected_handler)
/home/zhc/stm32_tool/arm-gnu-toolchain-11.3.rel1-x86_64-arm-none-eabi/bin/../lib/gcc/arm-none-eabi/11.3.1/../../../../arm-none-eabi/lib/thumb/v7e-m+fp/hard/libstdc++.a(si_class_type_info.o)
                              /home/zhc/stm32_tool/arm-gnu-toolchain-11.3.rel1-x86_64-arm-none-eabi/bin/../lib/gcc/arm-none-eabi/11.3.1/../../../../arm-none-eabi/lib/thumb/v7e-m+fp/hard/libstdc++.a(eh_exception.o) (vtable for __cxxabiv1::__si_class_type_info)
/home/zhc/stm32_tool/arm-gnu-toolchain-11.3.rel1-x86_64-arm-none-eabi/bin/../lib/gcc/arm-none-eabi/11.3.1/../../../../arm-none-eabi/lib/thumb/v7e-m+fp/hard/libstdc++.a(tinfo.o)
                              /home/zhc/stm32_tool/arm-gnu-toolchain-11.3.rel1-x86_64-arm-none-eabi/bin/../lib/gcc/arm-none-eabi/11.3.1/../../../../arm-none-eabi/lib/thumb/v7e-m+fp/hard/libstdc++.a(si_class_type_info.o) (std::type_info::__is_pointer_p() const)
/home/zhc/stm32_tool/arm-gnu-toolchain-11.3.rel1-x86_64-arm-none-eabi/bin/../lib/gcc/arm-none-eabi/11.3.1/../../../../arm-none-eabi/lib/thumb/v7e-m+fp/hard/libstdc++.a(vterminate.o)
                              /home/zhc/stm32_tool/arm-gnu-toolchain-11.3.rel1-x86_64-arm-none-eabi/bin/../lib/gcc/arm-none-eabi/11.3.1/../../../../arm-none-eabi/lib/thumb/v7e-m+fp/hard/libstdc++.a(eh_terminate.o) (__gnu_cxx::__verbose_terminate_handler())
/home/zhc/stm32_tool/arm-gnu-toolchain-11.3.rel1-x86_64-arm-none-eabi/bin/../lib/gcc/arm-none-eabi/11.3.1/../../../../arm-none-eabi/lib/thumb/v7e-m+fp/hard/libstdc++.a(class_type_info.o)
                              /home/zhc/stm32_tool/arm-gnu-toolchain-11.3.rel1-x86_64-arm-none-eabi/bin/../lib/gcc/arm-none-eabi/11.3.1/../../../../arm-none-eabi/lib/thumb/v7e-m+fp/hard/libstdc++.a(si_class_type_info.o) (__cxxabiv1::__class_type_info::__do_upcast(__cxxabiv1::__class_type_info const*, void**) const)
/home/zhc/stm32_tool/arm-gnu-toolchain-11.3.rel1-x86_64-arm-none-eabi/bin/../lib/gcc/arm-none-eabi/11.3.1/../../../../arm-none-eabi/lib/thumb/v7e-m+fp/hard/libstdc++.a(cp-demangle.o)
                              /home/zhc/stm32_tool/arm-gnu-toolchain-11.3.rel1-x86_64-arm-none-eabi/bin/../lib/gcc/arm-none-eabi/11.3.1/../../../../arm-none-eabi/lib/thumb/v7e-m+fp/hard/libstdc++.a(vterminate.o) (__cxa_demangle)
/home/zhc/stm32_tool/arm-gnu-toolchain-11.3.rel1-x86_64-arm-none-eabi/bin/../lib/gcc/arm-none-eabi/11.3.1/../../../../arm-none-eabi/lib/thumb/v7e-m+fp/hard/libstdc++.a(del_op.o)
[...]
Memory Configuration

Name             Origin             Length             Attributes
RAM              0x0000000020000000 0x0000000000020000 xrw
CCMRAM           0x0000000010000000 0x0000000000010000 xrw
FLASH            0x0000000008000000 0x0000000000080000 xr
*default*        0x0000000000000000 0xffffffffffffffff

Linker script and memory map

LOAD /home/zhc/stm32_tool/arm-gnu-toolchain-11.3.rel1-x86_64-arm-none-eabi/bin/../lib/gcc/arm-none-eabi/11.3.1/thumb/v7e-m+fp/hard/crti.o
LOAD /home/zhc/stm32_tool/arm-gnu-toolchain-11.3.rel1-x86_64-arm-none-eabi/bin/../lib/gcc/arm-none-eabi/11.3.1/thumb/v7e-m+fp/hard/crtbegin.o
LOAD /home/zhc/stm32_tool/arm-gnu-toolchain-11.3.rel1-x86_64-arm-none-eabi/bin/../lib/gcc/arm-none-eabi/11.3.1/../../../../arm-none-eabi/lib/thumb/v7e-m+fp/hard/crt0.o
LOAD build/gpio.o
LOAD build/i2c.o
LOAD build/spi.o
LOAD build/tim.o
LOAD build/usart.o
LOAD build/stm32f4xx_it.o
LOAD build/stm32f4xx_hal_msp.o
LOAD build/stm32f4xx_hal_i2c.o
LOAD build/stm32f4xx_hal_i2c_ex.o
LOAD build/stm32f4xx_hal_rcc.o
LOAD build/stm32f4xx_hal_rcc_ex.o
LOAD build/stm32f4xx_hal_flash.o
LOAD build/stm32f4xx_hal_flash_ex.o
LOAD build/stm32f4xx_hal_flash_ramfunc.o
LOAD build/stm32f4xx_hal_gpio.o
LOAD build/stm32f4xx_hal_dma_ex.o
LOAD build/stm32f4xx_hal_dma.o
LOAD build/stm32f4xx_hal_pwr.o
LOAD build/stm32f4xx_hal_pwr_ex.o
LOAD build/stm32f4xx_hal_cortex.o
LOAD build/stm32f4xx_hal.o
LOAD build/stm32f4xx_hal_exti.o
LOAD build/stm32f4xx_hal_spi.o
LOAD build/stm32f4xx_hal_tim.o
LOAD build/stm32f4xx_hal_tim_ex.o
LOAD build/stm32f4xx_hal_uart.o
LOAD build/system_stm32f4xx.o
LOAD build/main.o
LOAD build/dvl_reader.o
LOAD build/startup_stm32f407xx.o
LOAD /home/zhc/stm32_tool/arm-gnu-toolchain-11.3.rel1-x86_64-arm-none-eabi/bin/../lib/gcc/arm-none-eabi/11.3.1/../../../../arm-none-eabi/lib/thumb/v7e-m+fp/hard/libnosys.a
LOAD /home/zhc/stm32_tool/arm-gnu-toolchain-11.3.rel1-x86_64-arm-none-eabi/bin/../lib/gcc/arm-none-eabi/11.3.1/../../../../arm-none-eabi/lib/thumb/v7e-m+fp/hard/libstdc++.a
LOAD /home/zhc/stm32_tool/arm-gnu-toolchain-11.3.rel1-x86_64-arm-none-eabi/bin/../lib/gcc/arm-none-eabi/11.3.1/../../../../arm-none-eabi/lib/thumb/v7e-m+fp/hard/libm.a
LOAD /home/zhc/stm32_tool/arm-gnu-toolchain-11.3.rel1-x86_64-arm-none-eabi/bin/../lib/gcc/arm-none-eabi/11.3.1/../../../../arm-none-eabi/lib/thumb/v7e-m+fp/hard/libc.a
START GROUP
LOAD /home/zhc/stm32_tool/arm-gnu-toolchain-11.3.rel1-x86_64-arm-none-eabi/bin/../lib/gcc/arm-none-eabi/11.3.1/thumb/v7e-m+fp/hard/libgcc.a
LOAD /home/zhc/stm32_tool/arm-gnu-toolchain-11.3.rel1-x86_64-arm-none-eabi/bin/../lib/gcc/arm-none-eabi/11.3.1/../../../../arm-none-eabi/lib/thumb/v7e-m+fp/hard/libc.a
END GROUP
START GROUP
LOAD /home/zhc/stm32_tool/arm-gnu-toolchain-11.3.rel1-x86_64-arm-none-eabi/bin/../lib/gcc/arm-none-eabi/11.3.1/thumb/v7e-m+fp/hard/libgcc.a
LOAD /home/zhc/stm32_tool/arm-gnu-toolchain-11.3.rel1-x86_64-arm-none-eabi/bin/../lib/gcc/arm-none-eabi/11.3.1/../../../../arm-none-eabi/lib/thumb/v7e-m+fp/hard/libc.a
LOAD /home/zhc/stm32_tool/arm-gnu-toolchain-11.3.rel1-x86_64-arm-none-eabi/bin/../lib/gcc/arm-none-eabi/11.3.1/../../../../arm-none-eabi/lib/thumb/v7e-m+fp/hard/libnosys.a
END GROUP
LOAD /home/zhc/stm32_tool/arm-gnu-toolchain-11.3.rel1-x86_64-arm-none-eabi/bin/../lib/gcc/arm-none-eabi/11.3.1/thumb/v7e-m+fp/hard/crtend.o
LOAD /home/zhc/stm32_tool/arm-gnu-toolchain-11.3.rel1-x86_64-arm-none-eabi/bin/../lib/gcc/arm-none-eabi/11.3.1/thumb/v7e-m+fp/hard/crtn.o
                0x0000000020020000                _estack = (ORIGIN (RAM) + LENGTH (RAM))
                0x0000000000000200                _Min_Heap_Size = 0x200
                0x0000000000000400                _Min_Stack_Size = 0x400

.isr_vector     0x0000000008000000      0x188
                0x0000000008000000                . = ALIGN (0x4)
 *(.isr_vector)
 .isr_vector    0x0000000008000000      0x188 build/startup_stm32f407xx.o
                0x0000000008000000                g_pfnVectors
                0x0000000008000188                . = ALIGN (0x4)

.text           0x00000000080001c0    0x120ec
                0x00000000080001c0                . = ALIGN (0x4)
 *(.text)
 .text          0x00000000080001c0      0x2dc /home/zhc/stm32_tool/arm-gnu-toolchain-11.3.rel1-x86_64-arm-none-eabi/bin/../lib/gcc/arm-none-eabi/11.3.1/../../../../arm-none-eabi/lib/thumb/v7e-m+fp/hard/libc.a(libc_a-strcmp.o)
                0x00000000080001c8                strcmp
 *fill*         0x000000000800049c        0x4 
 .text          0x00000000080004a0       0xa0 /home/zhc/stm32_tool/arm-gnu-toolchain-11.3.rel1-x86_64-arm-none-eabi/bin/../lib/gcc/arm-none-eabi/11.3.1/../../../../arm-none-eabi/lib/thumb/v7e-m+fp/hard/libc.a(libc_a-memchr.o)
                0x00000000080004a0                memchr
 .text          0x0000000008000540      0x134 /home/zhc/stm32_tool/arm-gnu-toolchain-11.3.rel1-x86_64-arm-none-eabi/bin/../lib/gcc/arm-none-eabi/11.3.1/../../../../arm-none-eabi/lib/thumb/v7e-m+fp/hard/libc.a(libc_a-memcpy.o)
                0x0000000008000540                memcpy
 *fill*         0x0000000008000674        0xc 
 .text          0x0000000008000680       0xdc /home/zhc/stm32_tool/arm-gnu-toolchain-11.3.rel1-x86_64-arm-none-eabi/bin/../lib/gcc/arm-none-eabi/11.3.1/../../../../arm-none-eabi/lib/thumb/v7e-m+fp/hard/libc.a(libc_a-strlen.o)
                0x0000000008000680                strlen
 .text          0x000000000800075c      0x378 /home/zhc/stm32_tool/arm-gnu-toolchain-11.3.rel1-x86_64-arm-none-eabi/bin/../lib/gcc/arm-none-eabi/11.3.1/thumb/v7e-m+fp/hard/libgcc.a(_arm_addsubdf3.o)
                0x000000000800075c                __aeabi_drsub
                0x0000000008000764                __aeabi_dsub
                0x0000000008000764                __subdf3
                0x0000000008000768                __adddf3
                0x0000000008000768                __aeabi_dadd
                0x00000000080009e0                __aeabi_ui2d
                0x00000000080009e0                __floatunsidf
                0x0000000008000a00                __floatsidf
                0x0000000008000a00                __aeabi_i2d
                0x0000000008000a24                __extendsfdf2
                0x0000000008000a24                __aeabi_f2d
                0x0000000008000a68                __aeabi_ul2d
                0x0000000008000a68                __floatundidf
                0x0000000008000a78                __floatdidf
                0x0000000008000a78                __aeabi_l2d
 .text          0x0000000008000ad4      0x424 /home/zhc/stm32_tool/arm-gnu-toolchain-11.3.rel1-x86_64-arm-none-eabi/bin/../lib/gcc/arm-none-eabi/11.3.1/thumb/v7e-m+fp/hard/libgcc.a(_arm_muldivdf3.o)
                0x0000000008000ad4                __aeabi_dmul
                0x0000000008000ad4                __muldf3
                0x0000000008000d28                __aeabi_ddiv
                0x0000000008000d28                __divdf3
 .text          0x0000000008000ef8      0x110 /home/zhc/stm32_tool/arm-gnu-toolchain-11.3.rel1-x86_64-arm-none-eabi/bin/../lib/gcc/arm-none-eabi/11.3.1/thumb/v7e-m+fp/hard/libgcc.a(_arm_cmpdf2.o)
                0x0000000008000ef8                __gtdf2
                0x0000000008000ef8                __gedf2
                0x0000000008000f00                __ltdf2
                0x0000000008000f00                __ledf2
                0x0000000008000f08                __cmpdf2
                0x0000000008000f08                __eqdf2
                0x0000000008000f08                __nedf2
                0x0000000008000f84                __aeabi_cdrcmple
                0x0000000008000f94                __aeabi_cdcmple
                0x0000000008000f94                __aeabi_cdcmpeq
                0x0000000008000fa4                __aeabi_dcmpeq
                0x0000000008000fb8                __aeabi_dcmplt
                0x0000000008000fcc                __aeabi_dcmple
                0x0000000008000fe0                __aeabi_dcmpge
                0x0000000008000ff4                __aeabi_dcmpgt
 .text          0x0000000008001008       0x2c /home/zhc/stm32_tool/arm-gnu-toolchain-11.3.rel1-x86_64-arm-none-eabi/bin/../lib/gcc/arm-none-eabi/11.3.1/thumb/v7e-m+fp/hard/libgcc.a(_arm_unorddf2.o)
                0x0000000008001008                __aeabi_dcmpun
                0x0000000008001008                __unorddf2
 .text          0x0000000008001034       0x50 /home/zhc/stm32_tool/arm-gnu-toolchain-11.3.rel1-x86_64-arm-none-eabi/bin/../lib/gcc/arm-none-eabi/11.3.1/thumb/v7e-m+fp/hard/libgcc.a(_arm_fixdfsi.o)
                0x0000000008001034                __fixdfsi
                0x0000000008001034                __aeabi_d2iz
 .text          0x0000000008001084       0x30 /home/zhc/stm32_tool/arm-gnu-toolchain-11.3.rel1-x86_64-arm-none-eabi/bin/../lib/gcc/arm-none-eabi/11.3.1/thumb/v7e-m+fp/hard/libgcc.a(_aeabi_uldivmod.o)
                0x0000000008001084                __aeabi_uldivmod
 .text          0x00000000080010b4      0x1ac /home/zhc/stm32_tool/arm-gnu-toolchain-11.3.rel1-x86_64-arm-none-eabi/bin/../lib/gcc/arm-none-eabi/11.3.1/thumb/v7e-m+fp/hard/libgcc.a(libunwind.o)
                0x00000000080010b4                __restore_core_regs
                0x00000000080010b4                restore_core_regs
                0x00000000080010cc                __gnu_Unwind_Restore_VFP
                0x00000000080010d4                __gnu_Unwind_Save_VFP
                0x00000000080010dc                __gnu_Unwind_Restore_VFP_D
                0x00000000080010e4                __gnu_Unwind_Save_VFP_D
                0x00000000080010ec                __gnu_Unwind_Restore_VFP_D_16_to_31
                0x00000000080010f4                __gnu_Unwind_Save_VFP_D_16_to_31
                0x00000000080010fc                __gnu_Unwind_Restore_WMMXD
                0x0000000008001140                __gnu_Unwind_Save_WMMXD
                0x0000000008001184                __gnu_Unwind_Restore_WMMXC
                0x0000000008001198                __gnu_Unwind_Save_WMMXC
                0x00000000080011ac                ___Unwind_RaiseException
                0x00000000080011ac                _Unwind_RaiseException
                0x00000000080011d0                ___Unwind_Resume
                0x00000000080011d0                _Unwind_Resume
                0x00000000080011f4                _Unwind_Resume_or_Rethrow
                0x00000000080011f4                ___Unwind_Resume_or_Rethrow
                0x0000000008001218                ___Unwind_ForcedUnwind
                0x0000000008001218                _Unwind_ForcedUnwind
                0x000000000800123c                _Unwind_Backtrace
                0x000000000800123c                ___Unwind_Backtrace
 .text          0x0000000008001260        0x4 /home/zhc/stm32_tool/arm-gnu-toolchain-11.3.rel1-x86_64-arm-none-eabi/bin/../lib/gcc/arm-none-eabi/11.3.1/thumb/v7e-m+fp/hard/libgcc.a(_dvmd_tls.o)
                0x0000000008001260                __aeabi_ldiv0
                0x0000000008001260                __aeabi_idiv0
 *(.text*)
 .text.deregister_tm_clones
                0x0000000008001264       0x1c /home/zhc/stm32_tool/arm-gnu-toolchain-11.3.rel1-x86_64-arm-none-eabi/bin/../lib/gcc/arm-none-eabi/11.3.1/thumb/v7e-m+fp/hard/crtbegin.o
 .text.register_tm_clones
                0x0000000008001280       0x24 /home/zhc/stm32_tool/arm-gnu-toolchain-11.3.rel1-x86_64-arm-none-eabi/bin/../lib/gcc/arm-none-eabi/11.3.1/thumb/v7e-m+fp/hard/crtbegin.o
 .text.__do_global_dtors_aux
                0x00000000080012a4       0x28 /home/zhc/stm32_tool/arm-gnu-toolchain-11.3.rel1-x86_64-arm-none-eabi/bin/../lib/gcc/arm-none-eabi/11.3.1/thumb/v7e-m+fp/hard/crtbegin.o
 .text.frame_dummy
                0x00000000080012cc       0x24 /home/zhc/stm32_tool/arm-gnu-toolchain-11.3.rel1-x86_64-arm-none-eabi/bin/../lib/gcc/arm-none-eabi/11.3.1/thumb/v7e-m+fp/hard/crtbegin.o
 .text.MX_GPIO_Init
                0x00000000080012f0       0xdc build/gpio.o
                0x00000000080012f0                MX_GPIO_Init
 .text.MX_UART5_Init
                0x00000000080013cc       0x54 build/usart.o
                0x00000000080013cc                MX_UART5_Init
 .text.MX_USART3_UART_Init
                0x0000000008001420       0x54 build/usart.o
                0x0000000008001420                MX_USART3_UART_Init
 .text.HAL_UART_MspInit
                0x0000000008001474      0x1d4 build/usart.o
                0x0000000008001474                HAL_UART_MspInit
 .text.NMI_Handler
                0x0000000008001648        0x6 build/stm32f4xx_it.o
                0x0000000008001648                NMI_Handler
 .text.HardFault_Handler
                0x000000000800164e        0x6 build/stm32f4xx_it.o
                0x000000000800164e                HardFault_Handler
 .text.MemManage_Handler
                0x0000000008001654        0x6 build/stm32f4xx_it.o
                0x0000000008001654                MemManage_Handler
 .text.BusFault_Handler
                0x000000000800165a        0x6 build/stm32f4xx_it.o
                0x000000000800165a                BusFault_Handler
 .text.UsageFault_Handler
                0x0000000008001660        0x6 build/stm32f4xx_it.o
                0x0000000008001660                UsageFault_Handler
 .text.SVC_Handler
                0x0000000008001666        0xe build/stm32f4xx_it.o
                0x0000000008001666                SVC_Handler
 .text.DebugMon_Handler
                0x0000000008001674        0xe build/stm32f4xx_it.o
                0x0000000008001674                DebugMon_Handler
 .text.PendSV_Handler
                0x0000000008001682        0xe build/stm32f4xx_it.o
                0x0000000008001682                PendSV_Handler
 .text.SysTick_Handler
                0x0000000008001690        0xc build/stm32f4xx_it.o
                0x0000000008001690                SysTick_Handler
 .text.USART2_IRQHandler
                0x000000000800169c       0x14 build/stm32f4xx_it.o
                0x000000000800169c                USART2_IRQHandler
 .text.USART3_IRQHandler
                0x00000000080016b0       0x14 build/stm32f4xx_it.o
                0x00000000080016b0                USART3_IRQHandler
 .text.UART5_IRQHandler
                0x00000000080016c4       0x14 build/stm32f4xx_it.o
                0x00000000080016c4                UART5_IRQHandler
 .text.HAL_MspInit
                0x00000000080016d8       0x50 build/stm32f4xx_hal_msp.o
                0x00000000080016d8                HAL_MspInit
 .text.HAL_RCC_OscConfig
                0x0000000008001728      0x4f0 build/stm32f4xx_hal_rcc.o
                0x0000000008001728                HAL_RCC_OscConfig
 .text.HAL_RCC_ClockConfig
                0x0000000008001c18      0x1cc build/stm32f4xx_hal_rcc.o
                0x0000000008001c18                HAL_RCC_ClockConfig
 .text.HAL_RCC_GetSysClockFreq
                0x0000000008001de4      0x20c build/stm32f4xx_hal_rcc.o
                0x0000000008001de4                HAL_RCC_GetSysClockFreq
 .text.HAL_RCC_GetHCLKFreq
                0x0000000008001ff0       0x18 build/stm32f4xx_hal_rcc.o
                0x0000000008001ff0                HAL_RCC_GetHCLKFreq
 .text.HAL_RCC_GetPCLK1Freq
                0x0000000008002008       0x28 build/stm32f4xx_hal_rcc.o
                0x0000000008002008                HAL_RCC_GetPCLK1Freq
 .text.HAL_RCC_GetPCLK2Freq
                0x0000000008002030       0x28 build/stm32f4xx_hal_rcc.o
                0x0000000008002030                HAL_RCC_GetPCLK2Freq
 .text.HAL_GPIO_Init
                0x0000000008002058      0x338 build/stm32f4xx_hal_gpio.o
                0x0000000008002058                HAL_GPIO_Init
 .text.HAL_GPIO_WritePin
                0x0000000008002390       0x32 build/stm32f4xx_hal_gpio.o
                0x0000000008002390                HAL_GPIO_WritePin
 .text.HAL_DMA_Abort
                0x00000000080023c2       0xe0 build/stm32f4xx_hal_dma.o
                0x00000000080023c2                HAL_DMA_Abort
 .text.HAL_DMA_Abort_IT
                0x00000000080024a2       0x44 build/stm32f4xx_hal_dma.o
                0x00000000080024a2                HAL_DMA_Abort_IT
 *fill*         0x00000000080024e6        0x2 
 .text.__NVIC_SetPriorityGrouping
                0x00000000080024e8       0x48 build/stm32f4xx_hal_cortex.o
 .text.__NVIC_GetPriorityGrouping
                0x0000000008002530       0x1c build/stm32f4xx_hal_cortex.o
 .text.__NVIC_EnableIRQ
                0x000000000800254c       0x3c build/stm32f4xx_hal_cortex.o
 .text.__NVIC_SetPriority
                0x0000000008002588       0x54 build/stm32f4xx_hal_cortex.o
 .text.NVIC_EncodePriority
                0x00000000080025dc       0x66 build/stm32f4xx_hal_cortex.o
 *fill*         0x0000000008002642        0x2 
 .text.SysTick_Config
                0x0000000008002644       0x44 build/stm32f4xx_hal_cortex.o
 .text.HAL_NVIC_SetPriorityGrouping
                0x0000000008002688       0x16 build/stm32f4xx_hal_cortex.o
                0x0000000008002688                HAL_NVIC_SetPriorityGrouping
 .text.HAL_NVIC_SetPriority
                0x000000000800269e       0x38 build/stm32f4xx_hal_cortex.o
                0x000000000800269e                HAL_NVIC_SetPriority
 .text.HAL_NVIC_EnableIRQ
                0x00000000080026d6       0x1c build/stm32f4xx_hal_cortex.o
                0x00000000080026d6                HAL_NVIC_EnableIRQ
 .text.HAL_SYSTICK_Config
                0x00000000080026f2       0x18 build/stm32f4xx_hal_cortex.o
                0x00000000080026f2                HAL_SYSTICK_Config
 *fill*         0x000000000800270a        0x2 
 .text.HAL_Init
                0x000000000800270c       0x44 build/stm32f4xx_hal.o
                0x000000000800270c                HAL_Init
 .text.HAL_InitTick
                0x0000000008002750       0x60 build/stm32f4xx_hal.o
                0x0000000008002750                HAL_InitTick
 .text.HAL_IncTick
                0x00000000080027b0       0x28 build/stm32f4xx_hal.o
                0x00000000080027b0                HAL_IncTick
 .text.HAL_GetTick
                0x00000000080027d8       0x18 build/stm32f4xx_hal.o
                0x00000000080027d8                HAL_GetTick
 .text.HAL_UART_Init
                0x00000000080027f0       0x9a build/stm32f4xx_hal_uart.o
                0x00000000080027f0                HAL_UART_Init
 .text.HAL_UART_Receive_IT
                0x000000000800288a       0x60 build/stm32f4xx_hal_uart.o
                0x000000000800288a                HAL_UART_Receive_IT
 *fill*         0x00000000080028ea        0x2 
 .text.HAL_UART_IRQHandler
                0x00000000080028ec      0x51c build/stm32f4xx_hal_uart.o
                0x00000000080028ec                HAL_UART_IRQHandler
 .text.HAL_UART_TxCpltCallback
                0x0000000008002e08       0x14 build/stm32f4xx_hal_uart.o
                0x0000000008002e08                HAL_UART_TxCpltCallback
 .text.HAL_UART_ErrorCallback
                0x0000000008002e1c       0x14 build/stm32f4xx_hal_uart.o
                0x0000000008002e1c                HAL_UART_ErrorCallback
 .text.HAL_UARTEx_RxEventCallback
                0x0000000008002e30       0x18 build/stm32f4xx_hal_uart.o
                0x0000000008002e30                HAL_UARTEx_RxEventCallback
 .text.UART_Start_Receive_IT
                0x0000000008002e48       0x7c build/stm32f4xx_hal_uart.o
                0x0000000008002e48                UART_Start_Receive_IT
 .text.UART_EndRxTransfer
                0x0000000008002ec4       0xc6 build/stm32f4xx_hal_uart.o
 .text.UART_DMAAbortOnError
                0x0000000008002f8a       0x28 build/stm32f4xx_hal_uart.o
 .text.UART_Transmit_IT
                0x0000000008002fb2       0xa0 build/stm32f4xx_hal_uart.o
 .text.UART_EndTransmit_IT
                0x0000000008003052       0x30 build/stm32f4xx_hal_uart.o
 .text.UART_Receive_IT
                0x0000000008003082      0x176 build/stm32f4xx_hal_uart.o
 .text.UART_SetConfig
                0x00000000080031f8      0x4e8 build/stm32f4xx_hal_uart.o
 .text.SystemInit
                0x00000000080036e0       0x24 build/system_stm32f4xx.o
                0x00000000080036e0                SystemInit
 .text.main     0x0000000008003704       0x48 build/main.o
                0x0000000008003704                main
 .text._Z7receivev
                0x000000000800374c       0x44 build/main.o
                0x000000000800374c                receive()
 .text.HAL_UART_RxCpltCallback
                0x0000000008003790       0x4c build/main.o
                0x0000000008003790                HAL_UART_RxCpltCallback
 .text._Z18SystemClock_Configv
                0x00000000080037dc       0xe8 build/main.o
                0x00000000080037dc                SystemClock_Config()
 .text.Error_Handler
                0x00000000080038c4        0xa build/main.o
                0x00000000080038c4                Error_Handler
 .text._ZN10Dvl_readerC2Ev
                0x00000000080038ce       0x5a build/dvl_reader.o
                0x00000000080038ce                Dvl_reader::Dvl_reader()
                0x00000000080038ce                Dvl_reader::Dvl_reader()
 .text._ZN10Dvl_readerD2Ev
                0x0000000008003928       0x24 build/dvl_reader.o
                0x0000000008003928                Dvl_reader::~Dvl_reader()
                0x0000000008003928                Dvl_reader::~Dvl_reader()
 .text.Reset_Handler
                0x000000000800394c       0x50 build/startup_stm32f407xx.o
                0x000000000800394c                Reset_Handler
 .text.Default_Handler
                0x000000000800399c        0x2 build/startup_stm32f407xx.o
                0x000000000800399c                RTC_Alarm_IRQHandler
                0x000000000800399c                HASH_RNG_IRQHandler
                0x000000000800399c                EXTI2_IRQHandler
                0x000000000800399c                TIM8_CC_IRQHandler
                0x000000000800399c                TIM1_CC_IRQHandler
                0x000000000800399c                DMA2_Stream5_IRQHandler
                0x000000000800399c                DMA1_Stream5_IRQHandler
                0x000000000800399c                PVD_IRQHandler
                0x000000000800399c                SDIO_IRQHandler
                0x000000000800399c                TAMP_STAMP_IRQHandler
                0x000000000800399c                CAN2_RX1_IRQHandler
                0x000000000800399c                EXTI3_IRQHandler
                0x000000000800399c                TIM8_TRG_COM_TIM14_IRQHandler
                0x000000000800399c                TIM1_UP_TIM10_IRQHandler
                0x000000000800399c                TIM8_UP_TIM13_IRQHandler
                0x000000000800399c                I2C3_ER_IRQHandler
                0x000000000800399c                EXTI0_IRQHandler
                0x000000000800399c                I2C2_EV_IRQHandler
                0x000000000800399c                DMA1_Stream2_IRQHandler
                0x000000000800399c                CAN1_RX0_IRQHandler
                0x000000000800399c                FPU_IRQHandler
                0x000000000800399c                OTG_HS_WKUP_IRQHandler
                0x000000000800399c                CAN2_SCE_IRQHandler
                0x000000000800399c                DMA2_Stream2_IRQHandler
                0x000000000800399c                SPI1_IRQHandler
                0x000000000800399c                TIM6_DAC_IRQHandler
                0x000000000800399c                TIM1_BRK_TIM9_IRQHandler
                0x000000000800399c                DCMI_IRQHandler
                0x000000000800399c                CAN2_RX0_IRQHandler
                0x000000000800399c                DMA2_Stream3_IRQHandler
                0x000000000800399c                USART6_IRQHandler
                0x000000000800399c                CAN1_RX1_IRQHandler
                0x000000000800399c                DMA2_Stream0_IRQHandler
                0x000000000800399c                TIM4_IRQHandler
                0x000000000800399c                I2C1_EV_IRQHandler
                0x000000000800399c                DMA1_Stream6_IRQHandler
                0x000000000800399c                DMA1_Stream1_IRQHandler
                0x000000000800399c                UART4_IRQHandler
                0x000000000800399c                TIM3_IRQHandler
                0x000000000800399c                RCC_IRQHandler
                0x000000000800399c                TIM8_BRK_TIM12_IRQHandler
                0x000000000800399c                Default_Handler
                0x000000000800399c                EXTI15_10_IRQHandler
                0x000000000800399c                ADC_IRQHandler
                0x000000000800399c                DMA1_Stream7_IRQHandler
                0x000000000800399c                TIM7_IRQHandler
                0x000000000800399c                CAN2_TX_IRQHandler
                0x000000000800399c                TIM5_IRQHandler
                0x000000000800399c                DMA2_Stream7_IRQHandler
                0x000000000800399c                I2C3_EV_IRQHandler
                0x000000000800399c                EXTI9_5_IRQHandler
                0x000000000800399c                RTC_WKUP_IRQHandler
                0x000000000800399c                ETH_WKUP_IRQHandler
                0x000000000800399c                SPI2_IRQHandler
                0x000000000800399c                OTG_HS_EP1_IN_IRQHandler
                0x000000000800399c                DMA1_Stream0_IRQHandler
                0x000000000800399c                CAN1_TX_IRQHandler
                0x000000000800399c                EXTI4_IRQHandler
                0x000000000800399c                FSMC_IRQHandler
                0x000000000800399c                ETH_IRQHandler
                0x000000000800399c                OTG_HS_EP1_OUT_IRQHandler
                0x000000000800399c                WWDG_IRQHandler
                0x000000000800399c                TIM2_IRQHandler
                0x000000000800399c                OTG_FS_WKUP_IRQHandler
                0x000000000800399c                TIM1_TRG_COM_TIM11_IRQHandler
                0x000000000800399c                OTG_HS_IRQHandler
                0x000000000800399c                EXTI1_IRQHandler
                0x000000000800399c                I2C2_ER_IRQHandler
                0x000000000800399c                DMA2_Stream1_IRQHandler
                0x000000000800399c                CAN1_SCE_IRQHandler
                0x000000000800399c                FLASH_IRQHandler
                0x000000000800399c                DMA2_Stream4_IRQHandler
                0x000000000800399c                USART1_IRQHandler
                0x000000000800399c                OTG_FS_IRQHandler
                0x000000000800399c                SPI3_IRQHandler
                0x000000000800399c                DMA1_Stream4_IRQHandler
                0x000000000800399c                I2C1_ER_IRQHandler
                0x000000000800399c                DMA2_Stream6_IRQHandler
                0x000000000800399c                DMA1_Stream3_IRQHandler
 *fill*         0x000000000800399e        0x2 
 .text._ZdaPv   0x00000000080039a0        0x4 /home/zhc/stm32_tool/arm-gnu-toolchain-11.3.rel1-x86_64-arm-none-eabi/bin/../lib/gcc/arm-none-eabi/11.3.1/../../../../arm-none-eabi/lib/thumb/v7e-m+fp/hard/libstdc++.a(del_opv.o)
                0x00000000080039a0                operator delete[](void*)
 .text.__cxa_end_cleanup
                0x00000000080039a4        0xc /home/zhc/stm32_tool/arm-gnu-toolchain-11.3.rel1-x86_64-arm-none-eabi/bin/../lib/gcc/arm-none-eabi/11.3.1/../../../../arm-none-eabi/lib/thumb/v7e-m+fp/hard/libstdc++.a(eh_arm.o)
                0x00000000080039a4                __cxa_end_cleanup
 .text.__cxa_type_match
                0x00000000080039b0       0xb0 /home/zhc/stm32_tool/arm-gnu-toolchain-11.3.rel1-x86_64-arm-none-eabi/bin/../lib/gcc/arm-none-eabi/11.3.1/../../../../arm-none-eabi/lib/thumb/v7e-m+fp/hard/libstdc++.a(eh_arm.o)
                0x00000000080039b0                __cxa_type_match
 .text.__cxa_begin_cleanup
                0x0000000008003a60       0x64 /home/zhc/stm32_tool/arm-gnu-toolchain-11.3.rel1-x86_64-arm-none-eabi/bin/../lib/gcc/arm-none-eabi/11.3.1/../../../../arm-none-eabi/lib/thumb/v7e-m+fp/hard/libstdc++.a(eh_arm.o)
                0x0000000008003a60                __cxa_begin_cleanup
 .text.__gnu_end_cleanup
                0x0000000008003ac4       0x70 /home/zhc/stm32_tool/arm-gnu-toolchain-11.3.rel1-x86_64-arm-none-eabi/bin/../lib/gcc/arm-none-eabi/11.3.1/../../../../arm-none-eabi/lib/thumb/v7e-m+fp/hard/libstdc++.a(eh_arm.o)
                0x0000000008003ac4                __gnu_end_cleanup
 .text._ZNSt13bad_exceptionD2Ev
                0x0000000008003b34        0x4 /home/zhc/stm32_tool/arm-gnu-toolchain-11.3.rel1-x86_64-arm-none-eabi/bin/../lib/gcc/arm-none-eabi/11.3.1/../../../../arm-none-eabi/lib/thumb/v7e-m+fp/hard/libstdc++.a(eh_exception.o)
                0x0000000008003b34                std::bad_exception::~bad_exception()
                0x0000000008003b34                std::bad_exception::~bad_exception()
 .text._ZNKSt13bad_exception4whatEv
                0x0000000008003b38        0x8 /home/zhc/stm32_tool/arm-gnu-toolchain-11.3.rel1-x86_64-arm-none-eabi/bin/../lib/gcc/arm-none-eabi/11.3.1/../../../../arm-none-eabi/lib/thumb/v7e-m+fp/hard/libstdc++.a(eh_exception.o)
                0x0000000008003b38                transaction clone for std::bad_exception::what() const
                0x0000000008003b38                std::bad_exception::what() const
 .text._ZNSt13bad_exceptionD0Ev
                0x0000000008003b40       0x10 /home/zhc/stm32_tool/arm-gnu-toolchain-11.3.rel1-x86_64-arm-none-eabi/bin/../lib/gcc/arm-none-eabi/11.3.1/../../../../arm-none-eabi/lib/thumb/v7e-m+fp/hard/libstdc++.a(eh_exception.o)
                0x0000000008003b40                std::bad_exception::~bad_exception()
 .text.__cxa_get_globals_fast
                0x0000000008003b50        0x8 /home/zhc/stm32_tool/arm-gnu-toolchain-11.3.rel1-x86_64-arm-none-eabi/bin/../lib/gcc/arm-none-eabi/11.3.1/../../../../arm-none-eabi/lib/thumb/v7e-m+fp/hard/libstdc++.a(eh_globals.o)
                0x0000000008003b50                __cxa_get_globals_fast
 .text.__cxa_get_globals
                0x0000000008003b58        0x8 /home/zhc/stm32_tool/arm-gnu-toolchain-11.3.rel1-x86_64-arm-none-eabi/bin/../lib/gcc/arm-none-eabi/11.3.1/../../../../arm-none-eabi/lib/thumb/v7e-m+fp/hard/libstdc++.a(eh_globals.o)
                0x0000000008003b58                __cxa_get_globals
 .text._ZL28read_encoded_value_with_basehjPKhPj
                0x0000000008003b60       0xc0 /home/zhc/stm32_tool/arm-gnu-toolchain-11.3.rel1-x86_64-arm-none-eabi/bin/../lib/gcc/arm-none-eabi/11.3.1/../../../../arm-none-eabi/lib/thumb/v7e-m+fp/hard/libstdc++.a(eh_personality.o)
 .text._ZL21base_of_encoded_valuehP15_Unwind_Context
                0x0000000008003c20       0x48 /home/zhc/stm32_tool/arm-gnu-toolchain-11.3.rel1-x86_64-arm-none-eabi/bin/../lib/gcc/arm-none-eabi/11.3.1/../../../../arm-none-eabi/lib/thumb/v7e-m+fp/hard/libstdc++.a(eh_personality.o)
 .text._ZL17parse_lsda_headerP15_Unwind_ContextPKhP16lsda_header_info
                0x0000000008003c68       0x90 /home/zhc/stm32_tool/arm-gnu-toolchain-11.3.rel1-x86_64-arm-none-eabi/bin/../lib/gcc/arm-none-eabi/11.3.1/../../../../arm-none-eabi/lib/thumb/v7e-m+fp/hard/libstdc++.a(eh_personality.o)
 .text.__gxx_personality_v0
                0x0000000008003cf8      0x494 /home/zhc/stm32_tool/arm-gnu-toolchain-11.3.rel1-x86_64-arm-none-eabi/bin/../lib/gcc/arm-none-eabi/11.3.1/../../../../arm-none-eabi/lib/thumb/v7e-m+fp/hard/libstdc++.a(eh_personality.o)
                0x0000000008003cf8                __gxx_personality_v0
 .text._ZN10__cxxabiv111__terminateEPFvvE
                0x000000000800418c       0x10 /home/zhc/stm32_tool/arm-gnu-toolchain-11.3.rel1-x86_64-arm-none-eabi/bin/../lib/gcc/arm-none-eabi/11.3.1/../../../../arm-none-eabi/lib/thumb/v7e-m+fp/hard/libstdc++.a(eh_terminate.o)
                0x000000000800418c                __cxxabiv1::__terminate(void (*)())
 .text._ZSt9terminatev
                0x000000000800419c       0x14 /home/zhc/stm32_tool/arm-gnu-toolchain-11.3.rel1-x86_64-arm-none-eabi/bin/../lib/gcc/arm-none-eabi/11.3.1/../../../../arm-none-eabi/lib/thumb/v7e-m+fp/hard/libstdc++.a(eh_terminate.o)
                0x000000000800419c                std::terminate()
 .text._ZN10__cxxabiv112__unexpectedEPFvvE
                0x00000000080041b0        0x8 /home/zhc/stm32_tool/arm-gnu-toolchain-11.3.rel1-x86_64-arm-none-eabi/bin/../lib/gcc/arm-none-eabi/11.3.1/../../../../arm-none-eabi/lib/thumb/v7e-m+fp/hard/libstdc++.a(eh_terminate.o)
                0x00000000080041b0                __cxxabiv1::__unexpected(void (*)())
 .text._ZSt10unexpectedv
                0x00000000080041b8       0x14 /home/zhc/stm32_tool/arm-gnu-toolchain-11.3.rel1-x86_64-arm-none-eabi/bin/../lib/gcc/arm-none-eabi/11.3.1/../../../../arm-none-eabi/lib/thumb/v7e-m+fp/hard/libstdc++.a(eh_terminate.o)
                0x00000000080041b8                std::unexpected()
 .text._ZSt13get_terminatev
                0x00000000080041cc       0x10 /home/zhc/stm32_tool/arm-gnu-toolchain-11.3.rel1-x86_64-arm-none-eabi/bin/../lib/gcc/arm-none-eabi/11.3.1/../../../../arm-none-eabi/lib/thumb/v7e-m+fp/hard/libstdc++.a(eh_terminate.o)
                0x00000000080041cc                std::get_terminate()
 .text._ZSt14get_unexpectedv
                0x00000000080041dc       0x10 /home/zhc/stm32_tool/arm-gnu-toolchain-11.3.rel1-x86_64-arm-none-eabi/bin/../lib/gcc/arm-none-eabi/11.3.1/../../../../arm-none-eabi/lib/thumb/v7e-m+fp/hard/libstdc++.a(eh_terminate.o)
                0x00000000080041dc                std::get_unexpected()
 .text._ZN10__cxxabiv120__si_class_type_infoD2Ev
                0x00000000080041ec       0x14 /home/zhc/stm32_tool/arm-gnu-toolchain-11.3.rel1-x86_64-arm-none-eabi/bin/../lib/gcc/arm-none-eabi/11.3.1/../../../../arm-none-eabi/lib/thumb/v7e-m+fp/hard/libstdc++.a(si_class_type_info.o)
                0x00000000080041ec                __cxxabiv1::__si_class_type_info::~__si_class_type_info()
                0x00000000080041ec                __cxxabiv1::__si_class_type_info::~__si_class_type_info()
 .text._ZN10__cxxabiv120__si_class_type_infoD0Ev
                0x0000000008004200       0x1c /home/zhc/stm32_tool/arm-gnu-toolchain-11.3.rel1-x86_64-arm-none-eabi/bin/../lib/gcc/arm-none-eabi/11.3.1/../../../../arm-none-eabi/lib/thumb/v7e-m+fp/hard/libstdc++.a(si_class_type_info.o)
                0x0000000008004200                __cxxabiv1::__si_class_type_info::~__si_class_type_info()
 .text._ZNK10__cxxabiv120__si_class_type_info20__do_find_public_srcEiPKvPKNS_17__class_type_infoES2_
                0x000000000800421c       0x3c /home/zhc/stm32_tool/arm-gnu-toolchain-11.3.rel1-x86_64-arm-none-eabi/bin/../lib/gcc/arm-none-eabi/11.3.1/../../../../arm-none-eabi/lib/thumb/v7e-m+fp/hard/libstdc++.a(si_class_type_info.o)
                0x000000000800421c                __cxxabiv1::__si_class_type_info::__do_find_public_src(int, void const*, __cxxabiv1::__class_type_info const*, void const*) const
 .text._ZNK10__cxxabiv120__si_class_type_info12__do_dyncastEiNS_17__class_type_info10__sub_kindEPKS1_PKvS4_S6_RNS1_16__dyncast_resultE
                0x0000000008004258       0x7c /home/zhc/stm32_tool/arm-gnu-toolchain-11.3.rel1-x86_64-arm-none-eabi/bin/../lib/gcc/arm-none-eabi/11.3.1/../../../../arm-none-eabi/lib/thumb/v7e-m+fp/hard/libstdc++.a(si_class_type_info.o)
                0x0000000008004258                __cxxabiv1::__si_class_type_info::__do_dyncast(int, __cxxabiv1::__class_type_info::__sub_kind, __cxxabiv1::__class_type_info const*, void const*, __cxxabiv1::__class_type_info const*, void const*, __cxxabiv1::__class_type_info::__dyncast_result&) const
 .text._ZNK10__cxxabiv120__si_class_type_info11__do_upcastEPKNS_17__class_type_infoEPKvRNS1_15__upcast_resultE
                0x00000000080042d4       0x2c /home/zhc/stm32_tool/arm-gnu-toolchain-11.3.rel1-x86_64-arm-none-eabi/bin/../lib/gcc/arm-none-eabi/11.3.1/../../../../arm-none-eabi/lib/thumb/v7e-m+fp/hard/libstdc++.a(si_class_type_info.o)
                0x00000000080042d4                __cxxabiv1::__si_class_type_info::__do_upcast(__cxxabiv1::__class_type_info const*, void const*, __cxxabiv1::__class_type_info::__upcast_result&) const
 .text._ZNSt9type_infoD2Ev
                0x0000000008004300        0x4 /home/zhc/stm32_tool/arm-gnu-toolchain-11.3.rel1-x86_64-arm-none-eabi/bin/../lib/gcc/arm-none-eabi/11.3.1/../../../../arm-none-eabi/lib/thumb/v7e-m+fp/hard/libstdc++.a(tinfo.o)
                0x0000000008004300                std::type_info::~type_info()
                0x0000000008004300                std::type_info::~type_info()
 .text._ZNKSt9type_info14__is_pointer_pEv
                0x0000000008004304        0x4 /home/zhc/stm32_tool/arm-gnu-toolchain-11.3.rel1-x86_64-arm-none-eabi/bin/../lib/gcc/arm-none-eabi/11.3.1/../../../../arm-none-eabi/lib/thumb/v7e-m+fp/hard/libstdc++.a(tinfo.o)
                0x0000000008004304                std::type_info::__is_function_p() const
                0x0000000008004304                std::type_info::__is_pointer_p() const
 .text._ZNKSt9type_infoeqERKS_
                0x0000000008004308       0x2c /home/zhc/stm32_tool/arm-gnu-toolchain-11.3.rel1-x86_64-arm-none-eabi/bin/../lib/gcc/arm-none-eabi/11.3.1/../../../../arm-none-eabi/lib/thumb/v7e-m+fp/hard/libstdc++.a(tinfo.o)
                0x0000000008004308                std::type_info::operator==(std::type_info const&) const
 .text._ZN9__gnu_cxx27__verbose_terminate_handlerEv
                0x0000000008004334      0x10c /home/zhc/stm32_tool/arm-gnu-toolchain-11.3.rel1-x86_64-arm-none-eabi/bin/../lib/gcc/arm-none-eabi/11.3.1/../../../../arm-none-eabi/lib/thumb/v7e-m+fp/hard/libstdc++.a(vterminate.o)
                0x0000000008004334                __gnu_cxx::__verbose_terminate_handler()
 .text._ZNK10__cxxabiv117__class_type_info11__do_upcastEPKS0_PPv
                0x0000000008004440       0x34 /home/zhc/stm32_tool/arm-gnu-toolchain-11.3.rel1-x86_64-arm-none-eabi/bin/../lib/gcc/arm-none-eabi/11.3.1/../../../../arm-none-eabi/lib/thumb/v7e-m+fp/hard/libstdc++.a(class_type_info.o)
                0x0000000008004440                __cxxabiv1::__class_type_info::__do_upcast(__cxxabiv1::__class_type_info const*, void**) const
 .text._ZNK10__cxxabiv117__class_type_info20__do_find_public_srcEiPKvPKS0_S2_
                0x0000000008004474        0xc /home/zhc/stm32_tool/arm-gnu-toolchain-11.3.rel1-x86_64-arm-none-eabi/bin/../lib/gcc/arm-none-eabi/11.3.1/../../../../arm-none-eabi/lib/thumb/v7e-m+fp/hard/libstdc++.a(class_type_info.o)
                0x0000000008004474                __cxxabiv1::__class_type_info::__do_find_public_src(int, void const*, __cxxabiv1::__class_type_info const*, void const*) const
 .text._ZN10__cxxabiv117__class_type_infoD2Ev
                0x0000000008004480       0x14 /home/zhc/stm32_tool/arm-gnu-toolchain-11.3.rel1-x86_64-arm-none-eabi/bin/../lib/gcc/arm-none-eabi/11.3.1/../../../../arm-none-eabi/lib/thumb/v7e-m+fp/hard/libstdc++.a(class_type_info.o)
                0x0000000008004480                __cxxabiv1::__class_type_info::~__class_type_info()
                0x0000000008004480                __cxxabiv1::__class_type_info::~__class_type_info()
 .text._ZN10__cxxabiv117__class_type_infoD0Ev
                0x0000000008004494       0x1c /home/zhc/stm32_tool/arm-gnu-toolchain-11.3.rel1-x86_64-arm-none-eabi/bin/../lib/gcc/arm-none-eabi/11.3.1/../../../../arm-none-eabi/lib/thumb/v7e-m+fp/hard/libstdc++.a(class_type_info.o)
                0x0000000008004494                __cxxabiv1::__class_type_info::~__class_type_info()
 .text._ZNK10__cxxabiv117__class_type_info12__do_dyncastEiNS0_10__sub_kindEPKS0_PKvS3_S5_RNS0_16__dyncast_resultE
                0x00000000080044b0       0x44 /home/zhc/stm32_tool/arm-gnu-toolchain-11.3.rel1-x86_64-arm-none-eabi/bin/../lib/gcc/arm-none-eabi/11.3.1/../../../../arm-none-eabi/lib/thumb/v7e-m+fp/hard/libstdc++.a(class_type_info.o)
                0x00000000080044b0                __cxxabiv1::__class_type_info::__do_dyncast(int, __cxxabiv1::__class_type_info::__sub_kind, __cxxabiv1::__class_type_info const*, void const*, __cxxabiv1::__class_type_info const*, void const*, __cxxabiv1::__class_type_info::__dyncast_result&) const
 .text._ZNK10__cxxabiv117__class_type_info11__do_upcastEPKS0_PKvRNS0_15__upcast_resultE
                0x00000000080044f4       0x1c /home/zhc/stm32_tool/arm-gnu-toolchain-11.3.rel1-x86_64-arm-none-eabi/bin/../lib/gcc/arm-none-eabi/11.3.1/../../../../arm-none-eabi/lib/thumb/v7e-m+fp/hard/libstdc++.a(class_type_info.o)
                0x00000000080044f4                __cxxabiv1::__class_type_info::__do_upcast(__cxxabiv1::__class_type_info const*, void const*, __cxxabiv1::__class_type_info::__upcast_result&) const
 .text._ZNK10__cxxabiv117__class_type_info10__do_catchEPKSt9type_infoPPvj
                0x0000000008004510       0x2c /home/zhc/stm32_tool/arm-gnu-toolchain-11.3.rel1-x86_64-arm-none-eabi/bin/../lib/gcc/arm-none-eabi/11.3.1/../../../../arm-none-eabi/lib/thumb/v7e-m+fp/hard/libstdc++.a(class_type_info.o)
                0x0000000008004510                __cxxabiv1::__class_type_info::__do_catch(std::type_info const*, void**, unsigned int) const
 .text.d_make_comp
                0x000000000800453c       0xf0 /home/zhc/stm32_tool/arm-gnu-toolchain-11.3.rel1-x86_64-arm-none-eabi/bin/../lib/gcc/arm-none-eabi/11.3.1/../../../../arm-none-eabi/lib/thumb/v7e-m+fp/hard/libstdc++.a(cp-demangle.o)
 .text.d_number
                0x000000000800462c       0x74 /home/zhc/stm32_tool/arm-gnu-toolchain-11.3.rel1-x86_64-arm-none-eabi/bin/../lib/gcc/arm-none-eabi/11.3.1/../../../../arm-none-eabi/lib/thumb/v7e-m+fp/hard/libstdc++.a(cp-demangle.o)
 .text.d_call_offset
                0x00000000080046a0       0x48 /home/zhc/stm32_tool/arm-gnu-toolchain-11.3.rel1-x86_64-arm-none-eabi/bin/../lib/gcc/arm-none-eabi/11.3.1/../../../../arm-none-eabi/lib/thumb/v7e-m+fp/hard/libstdc++.a(cp-demangle.o)
 .text.d_ref_qualifier
                0x00000000080046e8       0x38 /home/zhc/stm32_tool/arm-gnu-toolchain-11.3.rel1-x86_64-arm-none-eabi/bin/../lib/gcc/arm-none-eabi/11.3.1/../../../../arm-none-eabi/lib/thumb/v7e-m+fp/hard/libstdc++.a(cp-demangle.o)
 .text.d_count_templates_scopes
                0x0000000008004720       0xd4 /home/zhc/stm32_tool/arm-gnu-toolchain-11.3.rel1-x86_64-arm-none-eabi/bin/../lib/gcc/arm-none-eabi/11.3.1/../../../../arm-none-eabi/lib/thumb/v7e-m+fp/hard/libstdc++.a(cp-demangle.o)
 .text.d_pack_length
                0x00000000080047f4       0x1c /home/zhc/stm32_tool/arm-gnu-toolchain-11.3.rel1-x86_64-arm-none-eabi/bin/../lib/gcc/arm-none-eabi/11.3.1/../../../../arm-none-eabi/lib/thumb/v7e-m+fp/hard/libstdc++.a(cp-demangle.o)
 .text.d_discriminator
                0x0000000008004810       0x48 /home/zhc/stm32_tool/arm-gnu-toolchain-11.3.rel1-x86_64-arm-none-eabi/bin/../lib/gcc/arm-none-eabi/11.3.1/../../../../arm-none-eabi/lib/thumb/v7e-m+fp/hard/libstdc++.a(cp-demangle.o)
 .text.d_index_template_argument.part.0
                0x0000000008004858       0x1c /home/zhc/stm32_tool/arm-gnu-toolchain-11.3.rel1-x86_64-arm-none-eabi/bin/../lib/gcc/arm-none-eabi/11.3.1/../../../../arm-none-eabi/lib/thumb/v7e-m+fp/hard/libstdc++.a(cp-demangle.o)
 .text.d_growable_string_callback_adapter
                0x0000000008004874       0x78 /home/zhc/stm32_tool/arm-gnu-toolchain-11.3.rel1-x86_64-arm-none-eabi/bin/../lib/gcc/arm-none-eabi/11.3.1/../../../../arm-none-eabi/lib/thumb/v7e-m+fp/hard/libstdc++.a(cp-demangle.o)
 .text.next_is_type_qual.isra.0
                0x00000000080048ec       0x30 /home/zhc/stm32_tool/arm-gnu-toolchain-11.3.rel1-x86_64-arm-none-eabi/bin/../lib/gcc/arm-none-eabi/11.3.1/../../../../arm-none-eabi/lib/thumb/v7e-m+fp/hard/libstdc++.a(cp-demangle.o)
 .text.d_append_char
                0x000000000800491c       0x44 /home/zhc/stm32_tool/arm-gnu-toolchain-11.3.rel1-x86_64-arm-none-eabi/bin/../lib/gcc/arm-none-eabi/11.3.1/../../../../arm-none-eabi/lib/thumb/v7e-m+fp/hard/libstdc++.a(cp-demangle.o)
 .text.d_lookup_template_argument
                0x0000000008004960       0x38 /home/zhc/stm32_tool/arm-gnu-toolchain-11.3.rel1-x86_64-arm-none-eabi/bin/../lib/gcc/arm-none-eabi/11.3.1/../../../../arm-none-eabi/lib/thumb/v7e-m+fp/hard/libstdc++.a(cp-demangle.o)
 .text.d_find_pack
                0x0000000008004998       0x94 /home/zhc/stm32_tool/arm-gnu-toolchain-11.3.rel1-x86_64-arm-none-eabi/bin/../lib/gcc/arm-none-eabi/11.3.1/../../../../arm-none-eabi/lib/thumb/v7e-m+fp/hard/libstdc++.a(cp-demangle.o)
 .text.d_append_string
                0x0000000008004a2c       0x68 /home/zhc/stm32_tool/arm-gnu-toolchain-11.3.rel1-x86_64-arm-none-eabi/bin/../lib/gcc/arm-none-eabi/11.3.1/../../../../arm-none-eabi/lib/thumb/v7e-m+fp/hard/libstdc++.a(cp-demangle.o)
 .text.d_template_param
                0x0000000008004a94       0x60 /home/zhc/stm32_tool/arm-gnu-toolchain-11.3.rel1-x86_64-arm-none-eabi/bin/../lib/gcc/arm-none-eabi/11.3.1/../../../../arm-none-eabi/lib/thumb/v7e-m+fp/hard/libstdc++.a(cp-demangle.o)
 .text.d_append_num
                0x0000000008004af4       0x78 /home/zhc/stm32_tool/arm-gnu-toolchain-11.3.rel1-x86_64-arm-none-eabi/bin/../lib/gcc/arm-none-eabi/11.3.1/../../../../arm-none-eabi/lib/thumb/v7e-m+fp/hard/libstdc++.a(cp-demangle.o)
 .text.d_source_name
                0x0000000008004b6c       0xe0 /home/zhc/stm32_tool/arm-gnu-toolchain-11.3.rel1-x86_64-arm-none-eabi/bin/../lib/gcc/arm-none-eabi/11.3.1/../../../../arm-none-eabi/lib/thumb/v7e-m+fp/hard/libstdc++.a(cp-demangle.o)
 .text.d_substitution
                0x0000000008004c4c      0x194 /home/zhc/stm32_tool/arm-gnu-toolchain-11.3.rel1-x86_64-arm-none-eabi/bin/../lib/gcc/arm-none-eabi/11.3.1/../../../../arm-none-eabi/lib/thumb/v7e-m+fp/hard/libstdc++.a(cp-demangle.o)
 .text.d_type   0x0000000008004de0      0x870 /home/zhc/stm32_tool/arm-gnu-toolchain-11.3.rel1-x86_64-arm-none-eabi/bin/../lib/gcc/arm-none-eabi/11.3.1/../../../../arm-none-eabi/lib/thumb/v7e-m+fp/hard/libstdc++.a(cp-demangle.o)
 .text.d_parmlist
                0x0000000008005650       0x80 /home/zhc/stm32_tool/arm-gnu-toolchain-11.3.rel1-x86_64-arm-none-eabi/bin/../lib/gcc/arm-none-eabi/11.3.1/../../../../arm-none-eabi/lib/thumb/v7e-m+fp/hard/libstdc++.a(cp-demangle.o)
 .text.d_bare_function_type
                0x00000000080056d0       0x48 /home/zhc/stm32_tool/arm-gnu-toolchain-11.3.rel1-x86_64-arm-none-eabi/bin/../lib/gcc/arm-none-eabi/11.3.1/../../../../arm-none-eabi/lib/thumb/v7e-m+fp/hard/libstdc++.a(cp-demangle.o)
 .text.d_function_type
                0x0000000008005718       0x6c /home/zhc/stm32_tool/arm-gnu-toolchain-11.3.rel1-x86_64-arm-none-eabi/bin/../lib/gcc/arm-none-eabi/11.3.1/../../../../arm-none-eabi/lib/thumb/v7e-m+fp/hard/libstdc++.a(cp-demangle.o)
 .text.d_operator_name
                0x0000000008005784      0x108 /home/zhc/stm32_tool/arm-gnu-toolchain-11.3.rel1-x86_64-arm-none-eabi/bin/../lib/gcc/arm-none-eabi/11.3.1/../../../../arm-none-eabi/lib/thumb/v7e-m+fp/hard/libstdc++.a(cp-demangle.o)
 .text.d_unqualified_name
                0x000000000800588c      0x340 /home/zhc/stm32_tool/arm-gnu-toolchain-11.3.rel1-x86_64-arm-none-eabi/bin/../lib/gcc/arm-none-eabi/11.3.1/../../../../arm-none-eabi/lib/thumb/v7e-m+fp/hard/libstdc++.a(cp-demangle.o)
 .text.d_expr_primary
                0x0000000008005bcc      0x120 /home/zhc/stm32_tool/arm-gnu-toolchain-11.3.rel1-x86_64-arm-none-eabi/bin/../lib/gcc/arm-none-eabi/11.3.1/../../../../arm-none-eabi/lib/thumb/v7e-m+fp/hard/libstdc++.a(cp-demangle.o)
 .text.d_template_arg
                0x0000000008005cec       0x58 /home/zhc/stm32_tool/arm-gnu-toolchain-11.3.rel1-x86_64-arm-none-eabi/bin/../lib/gcc/arm-none-eabi/11.3.1/../../../../arm-none-eabi/lib/thumb/v7e-m+fp/hard/libstdc++.a(cp-demangle.o)
 .text.d_template_args_1
                0x0000000008005d44       0x64 /home/zhc/stm32_tool/arm-gnu-toolchain-11.3.rel1-x86_64-arm-none-eabi/bin/../lib/gcc/arm-none-eabi/11.3.1/../../../../arm-none-eabi/lib/thumb/v7e-m+fp/hard/libstdc++.a(cp-demangle.o)
 .text.d_prefix
                0x0000000008005da8      0x12c /home/zhc/stm32_tool/arm-gnu-toolchain-11.3.rel1-x86_64-arm-none-eabi/bin/../lib/gcc/arm-none-eabi/11.3.1/../../../../arm-none-eabi/lib/thumb/v7e-m+fp/hard/libstdc++.a(cp-demangle.o)
 .text.d_expression_1
                0x0000000008005ed4      0x4ec /home/zhc/stm32_tool/arm-gnu-toolchain-11.3.rel1-x86_64-arm-none-eabi/bin/../lib/gcc/arm-none-eabi/11.3.1/../../../../arm-none-eabi/lib/thumb/v7e-m+fp/hard/libstdc++.a(cp-demangle.o)
 .text.d_exprlist
                0x00000000080063c0       0x74 /home/zhc/stm32_tool/arm-gnu-toolchain-11.3.rel1-x86_64-arm-none-eabi/bin/../lib/gcc/arm-none-eabi/11.3.1/../../../../arm-none-eabi/lib/thumb/v7e-m+fp/hard/libstdc++.a(cp-demangle.o)
 .text.d_cv_qualifiers
                0x0000000008006434      0x154 /home/zhc/stm32_tool/arm-gnu-toolchain-11.3.rel1-x86_64-arm-none-eabi/bin/../lib/gcc/arm-none-eabi/11.3.1/../../../../arm-none-eabi/lib/thumb/v7e-m+fp/hard/libstdc++.a(cp-demangle.o)
 .text.d_special_name
                0x0000000008006588      0x474 /home/zhc/stm32_tool/arm-gnu-toolchain-11.3.rel1-x86_64-arm-none-eabi/bin/../lib/gcc/arm-none-eabi/11.3.1/../../../../arm-none-eabi/lib/thumb/v7e-m+fp/hard/libstdc++.a(cp-demangle.o)
 .text.d_name   0x00000000080069fc      0x29c /home/zhc/stm32_tool/arm-gnu-toolchain-11.3.rel1-x86_64-arm-none-eabi/bin/../lib/gcc/arm-none-eabi/11.3.1/../../../../arm-none-eabi/lib/thumb/v7e-m+fp/hard/libstdc++.a(cp-demangle.o)
 .text.d_encoding.part.0
                0x0000000008006c98       0xf8 /home/zhc/stm32_tool/arm-gnu-toolchain-11.3.rel1-x86_64-arm-none-eabi/bin/../lib/gcc/arm-none-eabi/11.3.1/../../../../arm-none-eabi/lib/thumb/v7e-m+fp/hard/libstdc++.a(cp-demangle.o)
 .text.d_print_comp_inner
                0x0000000008006d90     0x20f4 /home/zhc/stm32_tool/arm-gnu-toolchain-11.3.rel1-x86_64-arm-none-eabi/bin/../lib/gcc/arm-none-eabi/11.3.1/../../../../arm-none-eabi/lib/thumb/v7e-m+fp/hard/libstdc++.a(cp-demangle.o)
 .text.d_print_comp
                0x0000000008008e84       0x5c /home/zhc/stm32_tool/arm-gnu-toolchain-11.3.rel1-x86_64-arm-none-eabi/bin/../lib/gcc/arm-none-eabi/11.3.1/../../../../arm-none-eabi/lib/thumb/v7e-m+fp/hard/libstdc++.a(cp-demangle.o)
 .text.d_print_mod
                0x0000000008008ee0      0x638 /home/zhc/stm32_tool/arm-gnu-toolchain-11.3.rel1-x86_64-arm-none-eabi/bin/../lib/gcc/arm-none-eabi/11.3.1/../../../../arm-none-eabi/lib/thumb/v7e-m+fp/hard/libstdc++.a(cp-demangle.o)
 .text.d_print_function_type
                0x0000000008009518      0x1d8 /home/zhc/stm32_tool/arm-gnu-toolchain-11.3.rel1-x86_64-arm-none-eabi/bin/../lib/gcc/arm-none-eabi/11.3.1/../../../../arm-none-eabi/lib/thumb/v7e-m+fp/hard/libstdc++.a(cp-demangle.o)
 .text.d_print_mod_list
                0x00000000080096f0      0x248 /home/zhc/stm32_tool/arm-gnu-toolchain-11.3.rel1-x86_64-arm-none-eabi/bin/../lib/gcc/arm-none-eabi/11.3.1/../../../../arm-none-eabi/lib/thumb/v7e-m+fp/hard/libstdc++.a(cp-demangle.o)
 .text.d_print_array_type
                0x0000000008009938      0x1c8 /home/zhc/stm32_tool/arm-gnu-toolchain-11.3.rel1-x86_64-arm-none-eabi/bin/../lib/gcc/arm-none-eabi/11.3.1/../../../../arm-none-eabi/lib/thumb/v7e-m+fp/hard/libstdc++.a(cp-demangle.o)
 .text.d_print_expr_op
                0x0000000008009b00       0x78 /home/zhc/stm32_tool/arm-gnu-toolchain-11.3.rel1-x86_64-arm-none-eabi/bin/../lib/gcc/arm-none-eabi/11.3.1/../../../../arm-none-eabi/lib/thumb/v7e-m+fp/hard/libstdc++.a(cp-demangle.o)
 .text.d_demangle_callback.constprop.0
                0x0000000008009b78      0x380 /home/zhc/stm32_tool/arm-gnu-toolchain-11.3.rel1-x86_64-arm-none-eabi/bin/../lib/gcc/arm-none-eabi/11.3.1/../../../../arm-none-eabi/lib/thumb/v7e-m+fp/hard/libstdc++.a(cp-demangle.o)
 .text.d_print_subexpr
                0x0000000008009ef8       0xdc /home/zhc/stm32_tool/arm-gnu-toolchain-11.3.rel1-x86_64-arm-none-eabi/bin/../lib/gcc/arm-none-eabi/11.3.1/../../../../arm-none-eabi/lib/thumb/v7e-m+fp/hard/libstdc++.a(cp-demangle.o)
 .text.d_maybe_print_fold_expression
                0x0000000008009fd4      0x254 /home/zhc/stm32_tool/arm-gnu-toolchain-11.3.rel1-x86_64-arm-none-eabi/bin/../lib/gcc/arm-none-eabi/11.3.1/../../../../arm-none-eabi/lib/thumb/v7e-m+fp/hard/libstdc++.a(cp-demangle.o)
 .text.d_maybe_print_designated_init
                0x000000000800a228      0x1e4 /home/zhc/stm32_tool/arm-gnu-toolchain-11.3.rel1-x86_64-arm-none-eabi/bin/../lib/gcc/arm-none-eabi/11.3.1/../../../../arm-none-eabi/lib/thumb/v7e-m+fp/hard/libstdc++.a(cp-demangle.o)
 .text.__cxa_demangle
                0x000000000800a40c       0xc4 /home/zhc/stm32_tool/arm-gnu-toolchain-11.3.rel1-x86_64-arm-none-eabi/bin/../lib/gcc/arm-none-eabi/11.3.1/../../../../arm-none-eabi/lib/thumb/v7e-m+fp/hard/libstdc++.a(cp-demangle.o)
                0x000000000800a40c                __cxa_demangle
 .text._ZdlPv   0x000000000800a4d0        0x4 /home/zhc/stm32_tool/arm-gnu-toolchain-11.3.rel1-x86_64-arm-none-eabi/bin/../lib/gcc/arm-none-eabi/11.3.1/../../../../arm-none-eabi/lib/thumb/v7e-m+fp/hard/libstdc++.a(del_op.o)
                0x000000000800a4d0                operator delete(void*)
 .text._ZdlPvj  0x000000000800a4d4        0x4 /home/zhc/stm32_tool/arm-gnu-toolchain-11.3.rel1-x86_64-arm-none-eabi/bin/../lib/gcc/arm-none-eabi/11.3.1/../../../../arm-none-eabi/lib/thumb/v7e-m+fp/hard/libstdc++.a(del_ops.o)
                0x000000000800a4d4                operator delete(void*, unsigned int)
 .text._ZN10__cxxabiv1L24__is_gxx_exception_classEPc
                0x000000000800a4d8       0x3c /home/zhc/stm32_tool/arm-gnu-toolchain-11.3.rel1-x86_64-arm-none-eabi/bin/../lib/gcc/arm-none-eabi/11.3.1/../../../../arm-none-eabi/lib/thumb/v7e-m+fp/hard/libstdc++.a(eh_call.o)
 .text.__cxa_call_terminate
                0x000000000800a514       0x20 /home/zhc/stm32_tool/arm-gnu-toolchain-11.3.rel1-x86_64-arm-none-eabi/bin/../lib/gcc/arm-none-eabi/11.3.1/../../../../arm-none-eabi/lib/thumb/v7e-m+fp/hard/libstdc++.a(eh_call.o)
                0x000000000800a514                __cxa_call_terminate
 .text.unlikely.__cxa_call_unexpected
                0x000000000800a534       0xe4 /home/zhc/stm32_tool/arm-gnu-toolchain-11.3.rel1-x86_64-arm-none-eabi/bin/../lib/gcc/arm-none-eabi/11.3.1/../../../../arm-none-eabi/lib/thumb/v7e-m+fp/hard/libstdc++.a(eh_call.o)
                0x000000000800a534                __cxa_call_unexpected
 .text.__cxa_begin_catch
                0x000000000800a618       0x7c /home/zhc/stm32_tool/arm-gnu-toolchain-11.3.rel1-x86_64-arm-none-eabi/bin/../lib/gcc/arm-none-eabi/11.3.1/../../../../arm-none-eabi/lib/thumb/v7e-m+fp/hard/libstdc++.a(eh_catch.o)
                0x000000000800a618                __cxa_begin_catch
 .text.__cxa_end_catch
                0x000000000800a694       0x8c /home/zhc/stm32_tool/arm-gnu-toolchain-11.3.rel1-x86_64-arm-none-eabi/bin/../lib/gcc/arm-none-eabi/11.3.1/../../../../arm-none-eabi/lib/thumb/v7e-m+fp/hard/libstdc++.a(eh_catch.o)
                0x000000000800a694                __cxa_end_catch
 .text._ZL23__gxx_exception_cleanup19_Unwind_Reason_CodeP21_Unwind_Control_Block
                0x000000000800a720       0x4c /home/zhc/stm32_tool/arm-gnu-toolchain-11.3.rel1-x86_64-arm-none-eabi/bin/../lib/gcc/arm-none-eabi/11.3.1/../../../../arm-none-eabi/lib/thumb/v7e-m+fp/hard/libstdc++.a(eh_throw.o)
 .text.__cxa_init_primary_exception
                0x000000000800a76c       0x58 /home/zhc/stm32_tool/arm-gnu-toolchain-11.3.rel1-x86_64-arm-none-eabi/bin/../lib/gcc/arm-none-eabi/11.3.1/../../../../arm-none-eabi/lib/thumb/v7e-m+fp/hard/libstdc++.a(eh_throw.o)
                0x000000000800a76c                __cxa_init_primary_exception
 .text.__cxa_throw
                0x000000000800a7c4       0x38 /home/zhc/stm32_tool/arm-gnu-toolchain-11.3.rel1-x86_64-arm-none-eabi/bin/../lib/gcc/arm-none-eabi/11.3.1/../../../../arm-none-eabi/lib/thumb/v7e-m+fp/hard/libstdc++.a(eh_throw.o)
                0x000000000800a7c4                __cxa_throw
 .text.__cxa_rethrow
                0x000000000800a7fc       0x70 /home/zhc/stm32_tool/arm-gnu-toolchain-11.3.rel1-x86_64-arm-none-eabi/bin/../lib/gcc/arm-none-eabi/11.3.1/../../../../arm-none-eabi/lib/thumb/v7e-m+fp/hard/libstdc++.a(eh_throw.o)
                0x000000000800a7fc                __cxa_rethrow
 .text.__cxa_current_exception_type
                0x000000000800a86c       0x1c /home/zhc/stm32_tool/arm-gnu-toolchain-11.3.rel1-x86_64-arm-none-eabi/bin/../lib/gcc/arm-none-eabi/11.3.1/../../../../arm-none-eabi/lib/thumb/v7e-m+fp/hard/libstdc++.a(eh_type.o)
                0x000000000800a86c                __cxa_current_exception_type
 .text._ZN12_GLOBAL__N_14pool4freeEPv.constprop.0
                0x000000000800a888       0x88 /home/zhc/stm32_tool/arm-gnu-toolchain-11.3.rel1-x86_64-arm-none-eabi/bin/../lib/gcc/arm-none-eabi/11.3.1/../../../../arm-none-eabi/lib/thumb/v7e-m+fp/hard/libstdc++.a(eh_alloc.o)
 .text._ZN12_GLOBAL__N_14pool8allocateEj.constprop.0
                0x000000000800a910       0x58 /home/zhc/stm32_tool/arm-gnu-toolchain-11.3.rel1-x86_64-arm-none-eabi/bin/../lib/gcc/arm-none-eabi/11.3.1/../../../../arm-none-eabi/lib/thumb/v7e-m+fp/hard/libstdc++.a(eh_alloc.o)
 .text.__cxa_allocate_exception
                0x000000000800a968       0x30 /home/zhc/stm32_tool/arm-gnu-toolchain-11.3.rel1-x86_64-arm-none-eabi/bin/../lib/gcc/arm-none-eabi/11.3.1/../../../../arm-none-eabi/lib/thumb/v7e-m+fp/hard/libstdc++.a(eh_alloc.o)
                0x000000000800a968                __cxa_allocate_exception
 .text.__cxa_free_exception
                0x000000000800a998       0x20 /home/zhc/stm32_tool/arm-gnu-toolchain-11.3.rel1-x86_64-arm-none-eabi/bin/../lib/gcc/arm-none-eabi/11.3.1/../../../../arm-none-eabi/lib/thumb/v7e-m+fp/hard/libstdc++.a(eh_alloc.o)
                0x000000000800a998                __cxa_free_exception
 .text.startup._GLOBAL__sub_I__ZN9__gnu_cxx9__freeresEv
                0x000000000800a9b8       0x28 /home/zhc/stm32_tool/arm-gnu-toolchain-11.3.rel1-x86_64-arm-none-eabi/bin/../lib/gcc/arm-none-eabi/11.3.1/../../../../arm-none-eabi/lib/thumb/v7e-m+fp/hard/libstdc++.a(eh_alloc.o)
 .text.strncmp  0x000000000800a9e0       0x8c /home/zhc/stm32_tool/arm-gnu-toolchain-11.3.rel1-x86_64-arm-none-eabi/bin/../lib/gcc/arm-none-eabi/11.3.1/../../../../arm-none-eabi/lib/thumb/v7e-m+fp/hard/libc.a(libc_a-strncmp.o)
                0x000000000800a9e0                strncmp
 .text.fputc    0x000000000800aa6c       0x64 /home/zhc/stm32_tool/arm-gnu-toolchain-11.3.rel1-x86_64-arm-none-eabi/bin/../lib/gcc/arm-none-eabi/11.3.1/../../../../arm-none-eabi/lib/thumb/v7e-m+fp/hard/libc.a(libc_a-fputc.o)
                0x000000000800aa6c                fputc
 .text._fputs_r
                0x000000000800aad0       0x88 /home/zhc/stm32_tool/arm-gnu-toolchain-11.3.rel1-x86_64-arm-none-eabi/bin/../lib/gcc/arm-none-eabi/11.3.1/../../../../arm-none-eabi/lib/thumb/v7e-m+fp/hard/libc.a(libc_a-fputs.o)
                0x000000000800aad0                _fputs_r
 .text.fputs    0x000000000800ab58       0x18 /home/zhc/stm32_tool/arm-gnu-toolchain-11.3.rel1-x86_64-arm-none-eabi/bin/../lib/gcc/arm-none-eabi/11.3.1/../../../../arm-none-eabi/lib/thumb/v7e-m+fp/hard/libc.a(libc_a-fputs.o)
                0x000000000800ab58                fputs
 .text.sprintf  0x000000000800ab70       0x40 /home/zhc/stm32_tool/arm-gnu-toolchain-11.3.rel1-x86_64-arm-none-eabi/bin/../lib/gcc/arm-none-eabi/11.3.1/../../../../arm-none-eabi/lib/thumb/v7e-m+fp/hard/libc.a(libc_a-sprintf.o)
                0x000000000800ab70                sprintf
 .text.__sfvwrite_r
                0x000000000800abb0      0x2f4 /home/zhc/stm32_tool/arm-gnu-toolchain-11.3.rel1-x86_64-arm-none-eabi/bin/../lib/gcc/arm-none-eabi/11.3.1/../../../../arm-none-eabi/lib/thumb/v7e-m+fp/hard/libc.a(libc_a-fvwrite.o)
                0x000000000800abb0                __sfvwrite_r
 .text._fwrite_r
                0x000000000800aea4       0xac /home/zhc/stm32_tool/arm-gnu-toolchain-11.3.rel1-x86_64-arm-none-eabi/bin/../lib/gcc/arm-none-eabi/11.3.1/../../../../arm-none-eabi/lib/thumb/v7e-m+fp/hard/libc.a(libc_a-fwrite.o)
                0x000000000800aea4                _fwrite_r
 .text.fwrite   0x000000000800af50       0x20 /home/zhc/stm32_tool/arm-gnu-toolchain-11.3.rel1-x86_64-arm-none-eabi/bin/../lib/gcc/arm-none-eabi/11.3.1/../../../../arm-none-eabi/lib/thumb/v7e-m+fp/hard/libc.a(libc_a-fwrite.o)
                0x000000000800af50                fwrite
 .text._svfprintf_r
                0x000000000800af70     0x1be0 /home/zhc/stm32_tool/arm-gnu-toolchain-11.3.rel1-x86_64-arm-none-eabi/bin/../lib/gcc/arm-none-eabi/11.3.1/../../../../arm-none-eabi/lib/thumb/v7e-m+fp/hard/libc.a(libc_a-svfprintf.o)
                0x000000000800af70                _svfprintf_r
 .text.malloc   0x000000000800cb50       0x10 /home/zhc/stm32_tool/arm-gnu-toolchain-11.3.rel1-x86_64-arm-none-eabi/bin/../lib/gcc/arm-none-eabi/11.3.1/../../../../arm-none-eabi/lib/thumb/v7e-m+fp/hard/libc.a(libc_a-malloc.o)
                0x000000000800cb50                malloc
 .text.free     0x000000000800cb60       0x10 /home/zhc/stm32_tool/arm-gnu-toolchain-11.3.rel1-x86_64-arm-none-eabi/bin/../lib/gcc/arm-none-eabi/11.3.1/../../../../arm-none-eabi/lib/thumb/v7e-m+fp/hard/libc.a(libc_a-malloc.o)
                0x000000000800cb60                free
 .text._malloc_r
                0x000000000800cb70      0x560 /home/zhc/stm32_tool/arm-gnu-toolchain-11.3.rel1-x86_64-arm-none-eabi/bin/../lib/gcc/arm-none-eabi/11.3.1/../../../../arm-none-eabi/lib/thumb/v7e-m+fp/hard/libc.a(libc_a-mallocr.o)
                0x000000000800cb70                _malloc_r
 .text.startup.register_fini
                0x000000000800d0d0       0x14 /home/zhc/stm32_tool/arm-gnu-toolchain-11.3.rel1-x86_64-arm-none-eabi/bin/../lib/gcc/arm-none-eabi/11.3.1/../../../../arm-none-eabi/lib/thumb/v7e-m+fp/hard/libc.a(libc_a-__call_atexit.o)
 .text.abort    0x000000000800d0e4       0x10 /home/zhc/stm32_tool/arm-gnu-toolchain-11.3.rel1-x86_64-arm-none-eabi/bin/../lib/gcc/arm-none-eabi/11.3.1/../../../../arm-none-eabi/lib/thumb/v7e-m+fp/hard/libc.a(libc_a-abort.o)
                0x000000000800d0e4                abort
 .text.memcmp   0x000000000800d0f4       0x60 /home/zhc/stm32_tool/arm-gnu-toolchain-11.3.rel1-x86_64-arm-none-eabi/bin/../lib/gcc/arm-none-eabi/11.3.1/../../../../arm-none-eabi/lib/thumb/v7e-m+fp/hard/libc.a(libc_a-memcmp.o)
                0x000000000800d0f4                memcmp
 .text.memmove  0x000000000800d154       0xf8 /home/zhc/stm32_tool/arm-gnu-toolchain-11.3.rel1-x86_64-arm-none-eabi/bin/../lib/gcc/arm-none-eabi/11.3.1/../../../../arm-none-eabi/lib/thumb/v7e-m+fp/hard/libc.a(libc_a-memmove.o)
                0x000000000800d154                memmove
 .text.memset   0x000000000800d24c       0xa4 /home/zhc/stm32_tool/arm-gnu-toolchain-11.3.rel1-x86_64-arm-none-eabi/bin/../lib/gcc/arm-none-eabi/11.3.1/../../../../arm-none-eabi/lib/thumb/v7e-m+fp/hard/libc.a(libc_a-memset.o)
                0x000000000800d24c                memset
 .text._wcrtomb_r
                0x000000000800d2f0       0x4c /home/zhc/stm32_tool/arm-gnu-toolchain-11.3.rel1-x86_64-arm-none-eabi/bin/../lib/gcc/arm-none-eabi/11.3.1/../../../../arm-none-eabi/lib/thumb/v7e-m+fp/hard/libc.a(libc_a-wcrtomb.o)
                0x000000000800d2f0                _wcrtomb_r
 .text.__libc_init_array
                0x000000000800d33c       0x48 /home/zhc/stm32_tool/arm-gnu-toolchain-11.3.rel1-x86_64-arm-none-eabi/bin/../lib/gcc/arm-none-eabi/11.3.1/../../../../arm-none-eabi/lib/thumb/v7e-m+fp/hard/libc.a(libc_a-init.o)
                0x000000000800d33c                __libc_init_array
 .text.__libc_fini_array
                0x000000000800d384       0x28 /home/zhc/stm32_tool/arm-gnu-toolchain-11.3.rel1-x86_64-arm-none-eabi/bin/../lib/gcc/arm-none-eabi/11.3.1/../../../../arm-none-eabi/lib/thumb/v7e-m+fp/hard/libc.a(libc_a-fini.o)
                0x000000000800d384                __libc_fini_array
 .text.__retarget_lock_init_recursive
                0x000000000800d3ac        0x4 /home/zhc/stm32_tool/arm-gnu-toolchain-11.3.rel1-x86_64-arm-none-eabi/bin/../lib/gcc/arm-none-eabi/11.3.1/../../../../arm-none-eabi/lib/thumb/v7e-m+fp/hard/libc.a(libc_a-lock.o)
                0x000000000800d3ac                __retarget_lock_init_recursive
 .text.__retarget_lock_close_recursive
                0x000000000800d3b0        0x4 /home/zhc/stm32_tool/arm-gnu-toolchain-11.3.rel1-x86_64-arm-none-eabi/bin/../lib/gcc/arm-none-eabi/11.3.1/../../../../arm-none-eabi/lib/thumb/v7e-m+fp/hard/libc.a(libc_a-lock.o)
                0x000000000800d3b0                __retarget_lock_close_recursive
 .text.__retarget_lock_acquire_recursive
                0x000000000800d3b4        0x4 /home/zhc/stm32_tool/arm-gnu-toolchain-11.3.rel1-x86_64-arm-none-eabi/bin/../lib/gcc/arm-none-eabi/11.3.1/../../../../arm-none-eabi/lib/thumb/v7e-m+fp/hard/libc.a(libc_a-lock.o)
                0x000000000800d3b4                __retarget_lock_acquire_recursive
 .text.__retarget_lock_release_recursive
                0x000000000800d3b8        0x4 /home/zhc/stm32_tool/arm-gnu-toolchain-11.3.rel1-x86_64-arm-none-eabi/bin/../lib/gcc/arm-none-eabi/11.3.1/../../../../arm-none-eabi/lib/thumb/v7e-m+fp/hard/libc.a(libc_a-lock.o)
                0x000000000800d3b8                __retarget_lock_release_recursive
 .text.__locale_mb_cur_max
                0x000000000800d3bc        0xc /home/zhc/stm32_tool/arm-gnu-toolchain-11.3.rel1-x86_64-arm-none-eabi/bin/../lib/gcc/arm-none-eabi/11.3.1/../../../../arm-none-eabi/lib/thumb/v7e-m+fp/hard/libc.a(libc_a-locale.o)
                0x000000000800d3bc                __locale_mb_cur_max
 .text._localeconv_r
                0x000000000800d3c8        0x8 /home/zhc/stm32_tool/arm-gnu-toolchain-11.3.rel1-x86_64-arm-none-eabi/bin/../lib/gcc/arm-none-eabi/11.3.1/../../../../arm-none-eabi/lib/thumb/v7e-m+fp/hard/libc.a(libc_a-localeconv.o)
                0x000000000800d3c8                _localeconv_r
 .text.__swsetup_r
                0x000000000800d3d0       0xcc /home/zhc/stm32_tool/arm-gnu-toolchain-11.3.rel1-x86_64-arm-none-eabi/bin/../lib/gcc/arm-none-eabi/11.3.1/../../../../arm-none-eabi/lib/thumb/v7e-m+fp/hard/libc.a(libc_a-wsetup.o)
                0x000000000800d3d0                __swsetup_r
 .text.__smakebuf_r
                0x000000000800d49c       0xd8 /home/zhc/stm32_tool/arm-gnu-toolchain-11.3.rel1-x86_64-arm-none-eabi/bin/../lib/gcc/arm-none-eabi/11.3.1/../../../../arm-none-eabi/lib/thumb/v7e-m+fp/hard/libc.a(libc_a-makebuf.o)
                0x000000000800d49c                __smakebuf_r
 .text._putc_r  0x000000000800d574       0x78 /home/zhc/stm32_tool/arm-gnu-toolchain-11.3.rel1-x86_64-arm-none-eabi/bin/../lib/gcc/arm-none-eabi/11.3.1/../../../../arm-none-eabi/lib/thumb/v7e-m+fp/hard/libc.a(libc_a-putc.o)
                0x000000000800d574                _putc_r
 .text.__malloc_lock
                0x000000000800d5ec        0xc /home/zhc/stm32_tool/arm-gnu-toolchain-11.3.rel1-x86_64-arm-none-eabi/bin/../lib/gcc/arm-none-eabi/11.3.1/../../../../arm-none-eabi/lib/thumb/v7e-m+fp/hard/libc.a(libc_a-mlock.o)
                0x000000000800d5ec                __malloc_lock
 .text.__malloc_unlock
                0x000000000800d5f8        0xc /home/zhc/stm32_tool/arm-gnu-toolchain-11.3.rel1-x86_64-arm-none-eabi/bin/../lib/gcc/arm-none-eabi/11.3.1/../../../../arm-none-eabi/lib/thumb/v7e-m+fp/hard/libc.a(libc_a-mlock.o)
                0x000000000800d5f8                __malloc_unlock
 .text.atexit   0x000000000800d604        0xc /home/zhc/stm32_tool/arm-gnu-toolchain-11.3.rel1-x86_64-arm-none-eabi/bin/../lib/gcc/arm-none-eabi/11.3.1/../../../../arm-none-eabi/lib/thumb/v7e-m+fp/hard/libc.a(libc_a-atexit.o)
                0x000000000800d604                atexit
 .text.realloc  0x000000000800d610       0x18 /home/zhc/stm32_tool/arm-gnu-toolchain-11.3.rel1-x86_64-arm-none-eabi/bin/../lib/gcc/arm-none-eabi/11.3.1/../../../../arm-none-eabi/lib/thumb/v7e-m+fp/hard/libc.a(libc_a-realloc.o)
                0x000000000800d610                realloc
 .text._wcsrtombs_r
                0x000000000800d628       0x18 /home/zhc/stm32_tool/arm-gnu-toolchain-11.3.rel1-x86_64-arm-none-eabi/bin/../lib/gcc/arm-none-eabi/11.3.1/../../../../arm-none-eabi/lib/thumb/v7e-m+fp/hard/libc.a(libc_a-wcsrtombs.o)
                0x000000000800d628                _wcsrtombs_r
 .text.quorem   0x000000000800d640      0x128 /home/zhc/stm32_tool/arm-gnu-toolchain-11.3.rel1-x86_64-arm-none-eabi/bin/../lib/gcc/arm-none-eabi/11.3.1/../../../../arm-none-eabi/lib/thumb/v7e-m+fp/hard/libc.a(libc_a-dtoa.o)
 .text._dtoa_r  0x000000000800d768      0xf3c /home/zhc/stm32_tool/arm-gnu-toolchain-11.3.rel1-x86_64-arm-none-eabi/bin/../lib/gcc/arm-none-eabi/11.3.1/../../../../arm-none-eabi/lib/thumb/v7e-m+fp/hard/libc.a(libc_a-dtoa.o)
                0x000000000800d768                _dtoa_r
 .text.__sflush_r
                0x000000000800e6a4      0x130 /home/zhc/stm32_tool/arm-gnu-toolchain-11.3.rel1-x86_64-arm-none-eabi/bin/../lib/gcc/arm-none-eabi/11.3.1/../../../../arm-none-eabi/lib/thumb/v7e-m+fp/hard/libc.a(libc_a-fflush.o)
                0x000000000800e6a4                __sflush_r
 .text._fflush_r
                0x000000000800e7d4       0x54 /home/zhc/stm32_tool/arm-gnu-toolchain-11.3.rel1-x86_64-arm-none-eabi/bin/../lib/gcc/arm-none-eabi/11.3.1/../../../../arm-none-eabi/lib/thumb/v7e-m+fp/hard/libc.a(libc_a-fflush.o)
                0x000000000800e7d4                _fflush_r
 .text.stdio_exit_handler
                0x000000000800e828       0x18 /home/zhc/stm32_tool/arm-gnu-toolchain-11.3.rel1-x86_64-arm-none-eabi/bin/../lib/gcc/arm-none-eabi/11.3.1/../../../../arm-none-eabi/lib/thumb/v7e-m+fp/hard/libc.a(libc_a-findfp.o)
 .text.cleanup_stdio
                0x000000000800e840       0x40 /home/zhc/stm32_tool/arm-gnu-toolchain-11.3.rel1-x86_64-arm-none-eabi/bin/../lib/gcc/arm-none-eabi/11.3.1/../../../../arm-none-eabi/lib/thumb/v7e-m+fp/hard/libc.a(libc_a-findfp.o)
 .text.global_stdio_init.part.0
                0x000000000800e880       0xd4 /home/zhc/stm32_tool/arm-gnu-toolchain-11.3.rel1-x86_64-arm-none-eabi/bin/../lib/gcc/arm-none-eabi/11.3.1/../../../../arm-none-eabi/lib/thumb/v7e-m+fp/hard/libc.a(libc_a-findfp.o)
 .text.__sinit  0x000000000800e954       0x3c /home/zhc/stm32_tool/arm-gnu-toolchain-11.3.rel1-x86_64-arm-none-eabi/bin/../lib/gcc/arm-none-eabi/11.3.1/../../../../arm-none-eabi/lib/thumb/v7e-m+fp/hard/libc.a(libc_a-findfp.o)
                0x000000000800e954                __sinit
 .text.__sfp_lock_acquire
                0x000000000800e990        0xc /home/zhc/stm32_tool/arm-gnu-toolchain-11.3.rel1-x86_64-arm-none-eabi/bin/../lib/gcc/arm-none-eabi/11.3.1/../../../../arm-none-eabi/lib/thumb/v7e-m+fp/hard/libc.a(libc_a-findfp.o)
                0x000000000800e990                __sfp_lock_acquire
 .text.__sfp_lock_release
                0x000000000800e99c        0xc /home/zhc/stm32_tool/arm-gnu-toolchain-11.3.rel1-x86_64-arm-none-eabi/bin/../lib/gcc/arm-none-eabi/11.3.1/../../../../arm-none-eabi/lib/thumb/v7e-m+fp/hard/libc.a(libc_a-findfp.o)
                0x000000000800e99c                __sfp_lock_release
 .text.frexp    0x000000000800e9a8       0x6c /home/zhc/stm32_tool/arm-gnu-toolchain-11.3.rel1-x86_64-arm-none-eabi/bin/../lib/gcc/arm-none-eabi/11.3.1/../../../../arm-none-eabi/lib/thumb/v7e-m+fp/hard/libc.a(libm_a-s_frexp.o)
                0x000000000800e9a8                frexp
 .text._realloc_r
                0x000000000800ea14      0x3d8 /home/zhc/stm32_tool/arm-gnu-toolchain-11.3.rel1-x86_64-arm-none-eabi/bin/../lib/gcc/arm-none-eabi/11.3.1/../../../../arm-none-eabi/lib/thumb/v7e-m+fp/hard/libc.a(libc_a-reallocr.o)
                0x000000000800ea14                _realloc_r
 .text._malloc_trim_r
                0x000000000800edec       0xa0 /home/zhc/stm32_tool/arm-gnu-toolchain-11.3.rel1-x86_64-arm-none-eabi/bin/../lib/gcc/arm-none-eabi/11.3.1/../../../../arm-none-eabi/lib/thumb/v7e-m+fp/hard/libc.a(libc_a-freer.o)
                0x000000000800edec                _malloc_trim_r
 .text._free_r  0x000000000800ee8c      0x20c /home/zhc/stm32_tool/arm-gnu-toolchain-11.3.rel1-x86_64-arm-none-eabi/bin/../lib/gcc/arm-none-eabi/11.3.1/../../../../arm-none-eabi/lib/thumb/v7e-m+fp/hard/libc.a(libc_a-freer.o)
                0x000000000800ee8c                _free_r
 .text.strncpy  0x000000000800f098       0x64 /home/zhc/stm32_tool/arm-gnu-toolchain-11.3.rel1-x86_64-arm-none-eabi/bin/../lib/gcc/arm-none-eabi/11.3.1/../../../../arm-none-eabi/lib/thumb/v7e-m+fp/hard/libc.a(libc_a-strncpy.o)
                0x000000000800f098                strncpy
 .text._fstat_r
                0x000000000800f0fc       0x2c /home/zhc/stm32_tool/arm-gnu-toolchain-11.3.rel1-x86_64-arm-none-eabi/bin/../lib/gcc/arm-none-eabi/11.3.1/../../../../arm-none-eabi/lib/thumb/v7e-m+fp/hard/libc.a(libc_a-fstatr.o)
                0x000000000800f0fc                _fstat_r
 .text.raise    0x000000000800f128       0x5c /home/zhc/stm32_tool/arm-gnu-toolchain-11.3.rel1-x86_64-arm-none-eabi/bin/../lib/gcc/arm-none-eabi/11.3.1/../../../../arm-none-eabi/lib/thumb/v7e-m+fp/hard/libc.a(libc_a-signal.o)
                0x000000000800f128                raise
 .text._isatty_r
                0x000000000800f184       0x24 /home/zhc/stm32_tool/arm-gnu-toolchain-11.3.rel1-x86_64-arm-none-eabi/bin/../lib/gcc/arm-none-eabi/11.3.1/../../../../arm-none-eabi/lib/thumb/v7e-m+fp/hard/libc.a(libc_a-isattyr.o)
                0x000000000800f184                _isatty_r
 .text.__sread  0x000000000800f1a8       0x24 /home/zhc/stm32_tool/arm-gnu-toolchain-11.3.rel1-x86_64-arm-none-eabi/bin/../lib/gcc/arm-none-eabi/11.3.1/../../../../arm-none-eabi/lib/thumb/v7e-m+fp/hard/libc.a(libc_a-stdio.o)
                0x000000000800f1a8                __sread
 .text.__swrite
                0x000000000800f1cc       0x40 /home/zhc/stm32_tool/arm-gnu-toolchain-11.3.rel1-x86_64-arm-none-eabi/bin/../lib/gcc/arm-none-eabi/11.3.1/../../../../arm-none-eabi/lib/thumb/v7e-m+fp/hard/libc.a(libc_a-stdio.o)
                0x000000000800f1cc                __swrite
 .text.__sseek  0x000000000800f20c       0x20 /home/zhc/stm32_tool/arm-gnu-toolchain-11.3.rel1-x86_64-arm-none-eabi/bin/../lib/gcc/arm-none-eabi/11.3.1/../../../../arm-none-eabi/lib/thumb/v7e-m+fp/hard/libc.a(libc_a-stdio.o)
                0x000000000800f20c                __sseek
 .text.__sclose
                0x000000000800f22c        0x8 /home/zhc/stm32_tool/arm-gnu-toolchain-11.3.rel1-x86_64-arm-none-eabi/bin/../lib/gcc/arm-none-eabi/11.3.1/../../../../arm-none-eabi/lib/thumb/v7e-m+fp/hard/libc.a(libc_a-stdio.o)
                0x000000000800f22c                __sclose
 .text.__ascii_wctomb
                0x000000000800f234       0x1c /home/zhc/stm32_tool/arm-gnu-toolchain-11.3.rel1-x86_64-arm-none-eabi/bin/../lib/gcc/arm-none-eabi/11.3.1/../../../../arm-none-eabi/lib/thumb/v7e-m+fp/hard/libc.a(libc_a-wctomb_r.o)
                0x000000000800f234                __ascii_wctomb
 .text._kill_r  0x000000000800f250       0x2c /home/zhc/stm32_tool/arm-gnu-toolchain-11.3.rel1-x86_64-arm-none-eabi/bin/../lib/gcc/arm-none-eabi/11.3.1/../../../../arm-none-eabi/lib/thumb/v7e-m+fp/hard/libc.a(libc_a-signalr.o)
                0x000000000800f250                _kill_r
 .text._getpid_r
                0x000000000800f27c        0x4 /home/zhc/stm32_tool/arm-gnu-toolchain-11.3.rel1-x86_64-arm-none-eabi/bin/../lib/gcc/arm-none-eabi/11.3.1/../../../../arm-none-eabi/lib/thumb/v7e-m+fp/hard/libc.a(libc_a-signalr.o)
                0x000000000800f27c                _getpid_r
 .text._sbrk_r  0x000000000800f280       0x24 /home/zhc/stm32_tool/arm-gnu-toolchain-11.3.rel1-x86_64-arm-none-eabi/bin/../lib/gcc/arm-none-eabi/11.3.1/../../../../arm-none-eabi/lib/thumb/v7e-m+fp/hard/libc.a(libc_a-sbrkr.o)
                0x000000000800f280                _sbrk_r
 .text._fwalk_sglue
                0x000000000800f2a4       0x48 /home/zhc/stm32_tool/arm-gnu-toolchain-11.3.rel1-x86_64-arm-none-eabi/bin/../lib/gcc/arm-none-eabi/11.3.1/../../../../arm-none-eabi/lib/thumb/v7e-m+fp/hard/libc.a(libc_a-fwalk.o)
                0x000000000800f2a4                _fwalk_sglue
 .text._write_r
                0x000000000800f2ec       0x2c /home/zhc/stm32_tool/arm-gnu-toolchain-11.3.rel1-x86_64-arm-none-eabi/bin/../lib/gcc/arm-none-eabi/11.3.1/../../../../arm-none-eabi/lib/thumb/v7e-m+fp/hard/libc.a(libc_a-writer.o)
                0x000000000800f2ec                _write_r
 .text.__errno  0x000000000800f318        0xc /home/zhc/stm32_tool/arm-gnu-toolchain-11.3.rel1-x86_64-arm-none-eabi/bin/../lib/gcc/arm-none-eabi/11.3.1/../../../../arm-none-eabi/lib/thumb/v7e-m+fp/hard/libc.a(libc_a-errno.o)
                0x000000000800f318                __errno
 .text.__ssprint_r
                0x000000000800f324      0x100 /home/zhc/stm32_tool/arm-gnu-toolchain-11.3.rel1-x86_64-arm-none-eabi/bin/../lib/gcc/arm-none-eabi/11.3.1/../../../../arm-none-eabi/lib/thumb/v7e-m+fp/hard/libc.a(libc_a-svfiprintf.o)
                0x000000000800f324                __ssprint_r
 .text.__swbuf_r
                0x000000000800f424       0xb0 /home/zhc/stm32_tool/arm-gnu-toolchain-11.3.rel1-x86_64-arm-none-eabi/bin/../lib/gcc/arm-none-eabi/11.3.1/../../../../arm-none-eabi/lib/thumb/v7e-m+fp/hard/libc.a(libc_a-wbuf.o)
                0x000000000800f424                __swbuf_r
 .text.__register_exitproc
                0x000000000800f4d4       0x88 /home/zhc/stm32_tool/arm-gnu-toolchain-11.3.rel1-x86_64-arm-none-eabi/bin/../lib/gcc/arm-none-eabi/11.3.1/../../../../arm-none-eabi/lib/thumb/v7e-m+fp/hard/libc.a(libc_a-__atexit.o)
                0x000000000800f4d4                __register_exitproc
 .text.__ascii_mbtowc
                0x000000000800f55c       0x2c /home/zhc/stm32_tool/arm-gnu-toolchain-11.3.rel1-x86_64-arm-none-eabi/bin/../lib/gcc/arm-none-eabi/11.3.1/../../../../arm-none-eabi/lib/thumb/v7e-m+fp/hard/libc.a(libc_a-mbtowc_r.o)
                0x000000000800f55c                __ascii_mbtowc
 .text.__assert_func
                0x000000000800f588       0x40 /home/zhc/stm32_tool/arm-gnu-toolchain-11.3.rel1-x86_64-arm-none-eabi/bin/../lib/gcc/arm-none-eabi/11.3.1/../../../../arm-none-eabi/lib/thumb/v7e-m+fp/hard/libc.a(libc_a-assert.o)
                0x000000000800f588                __assert_func
 .text._fclose_r
                0x000000000800f5c8       0xc8 /home/zhc/stm32_tool/arm-gnu-toolchain-11.3.rel1-x86_64-arm-none-eabi/bin/../lib/gcc/arm-none-eabi/11.3.1/../../../../arm-none-eabi/lib/thumb/v7e-m+fp/hard/libc.a(libc_a-fclose.o)
                0x000000000800f5c8                _fclose_r
 .text._Balloc  0x000000000800f690       0x4c /home/zhc/stm32_tool/arm-gnu-toolchain-11.3.rel1-x86_64-arm-none-eabi/bin/../lib/gcc/arm-none-eabi/11.3.1/../../../../arm-none-eabi/lib/thumb/v7e-m+fp/hard/libc.a(libc_a-mprec.o)
                0x000000000800f690                _Balloc
 .text._Bfree   0x000000000800f6dc       0x14 /home/zhc/stm32_tool/arm-gnu-toolchain-11.3.rel1-x86_64-arm-none-eabi/bin/../lib/gcc/arm-none-eabi/11.3.1/../../../../arm-none-eabi/lib/thumb/v7e-m+fp/hard/libc.a(libc_a-mprec.o)
                0x000000000800f6dc                _Bfree
 .text.__multadd
                0x000000000800f6f0       0xa4 /home/zhc/stm32_tool/arm-gnu-toolchain-11.3.rel1-x86_64-arm-none-eabi/bin/../lib/gcc/arm-none-eabi/11.3.1/../../../../arm-none-eabi/lib/thumb/v7e-m+fp/hard/libc.a(libc_a-mprec.o)
                0x000000000800f6f0                __multadd
 .text.__hi0bits
                0x000000000800f794       0x40 /home/zhc/stm32_tool/arm-gnu-toolchain-11.3.rel1-x86_64-arm-none-eabi/bin/../lib/gcc/arm-none-eabi/11.3.1/../../../../arm-none-eabi/lib/thumb/v7e-m+fp/hard/libc.a(libc_a-mprec.o)
                0x000000000800f794                __hi0bits
 .text.__lo0bits
                0x000000000800f7d4       0x60 /home/zhc/stm32_tool/arm-gnu-toolchain-11.3.rel1-x86_64-arm-none-eabi/bin/../lib/gcc/arm-none-eabi/11.3.1/../../../../arm-none-eabi/lib/thumb/v7e-m+fp/hard/libc.a(libc_a-mprec.o)
                0x000000000800f7d4                __lo0bits
 .text.__i2b    0x000000000800f834       0x5c /home/zhc/stm32_tool/arm-gnu-toolchain-11.3.rel1-x86_64-arm-none-eabi/bin/../lib/gcc/arm-none-eabi/11.3.1/../../../../arm-none-eabi/lib/thumb/v7e-m+fp/hard/libc.a(libc_a-mprec.o)
                0x000000000800f834                __i2b
 .text.__multiply
                0x000000000800f890      0x15c /home/zhc/stm32_tool/arm-gnu-toolchain-11.3.rel1-x86_64-arm-none-eabi/bin/../lib/gcc/arm-none-eabi/11.3.1/../../../../arm-none-eabi/lib/thumb/v7e-m+fp/hard/libc.a(libc_a-mprec.o)
                0x000000000800f890                __multiply
 .text.__pow5mult
                0x000000000800f9ec       0xc0 /home/zhc/stm32_tool/arm-gnu-toolchain-11.3.rel1-x86_64-arm-none-eabi/bin/../lib/gcc/arm-none-eabi/11.3.1/../../../../arm-none-eabi/lib/thumb/v7e-m+fp/hard/libc.a(libc_a-mprec.o)
                0x000000000800f9ec                __pow5mult
 .text.__lshift
                0x000000000800faac       0xf0 /home/zhc/stm32_tool/arm-gnu-toolchain-11.3.rel1-x86_64-arm-none-eabi/bin/../lib/gcc/arm-none-eabi/11.3.1/../../../../arm-none-eabi/lib/thumb/v7e-m+fp/hard/libc.a(libc_a-mprec.o)
                0x000000000800faac                __lshift
 .text.__mcmp   0x000000000800fb9c       0x44 /home/zhc/stm32_tool/arm-gnu-toolchain-11.3.rel1-x86_64-arm-none-eabi/bin/../lib/gcc/arm-none-eabi/11.3.1/../../../../arm-none-eabi/lib/thumb/v7e-m+fp/hard/libc.a(libc_a-mprec.o)
                0x000000000800fb9c                __mcmp
 .text.__mdiff  0x000000000800fbe0      0x154 /home/zhc/stm32_tool/arm-gnu-toolchain-11.3.rel1-x86_64-arm-none-eabi/bin/../lib/gcc/arm-none-eabi/11.3.1/../../../../arm-none-eabi/lib/thumb/v7e-m+fp/hard/libc.a(libc_a-mprec.o)
                0x000000000800fbe0                __mdiff
 .text.__d2b    0x000000000800fd34       0xd4 /home/zhc/stm32_tool/arm-gnu-toolchain-11.3.rel1-x86_64-arm-none-eabi/bin/../lib/gcc/arm-none-eabi/11.3.1/../../../../arm-none-eabi/lib/thumb/v7e-m+fp/hard/libc.a(libc_a-mprec.o)
                0x000000000800fd34                __d2b
 .text._calloc_r
                0x000000000800fe08       0x78 /home/zhc/stm32_tool/arm-gnu-toolchain-11.3.rel1-x86_64-arm-none-eabi/bin/../lib/gcc/arm-none-eabi/11.3.1/../../../../arm-none-eabi/lib/thumb/v7e-m+fp/hard/libc.a(libc_a-callocr.o)
                0x000000000800fe08                _calloc_r
 .text._wcsnrtombs_l
                0x000000000800fe80      0x108 /home/zhc/stm32_tool/arm-gnu-toolchain-11.3.rel1-x86_64-arm-none-eabi/bin/../lib/gcc/arm-none-eabi/11.3.1/../../../../arm-none-eabi/lib/thumb/v7e-m+fp/hard/libc.a(libc_a-wcsnrtombs.o)
                0x000000000800fe80                _wcsnrtombs_l
 .text._wcsnrtombs_r
                0x000000000800ff88       0x24 /home/zhc/stm32_tool/arm-gnu-toolchain-11.3.rel1-x86_64-arm-none-eabi/bin/../lib/gcc/arm-none-eabi/11.3.1/../../../../arm-none-eabi/lib/thumb/v7e-m+fp/hard/libc.a(libc_a-wcsnrtombs.o)
                0x000000000800ff88                _wcsnrtombs_r
 .text._close_r
                0x000000000800ffac       0x24 /home/zhc/stm32_tool/arm-gnu-toolchain-11.3.rel1-x86_64-arm-none-eabi/bin/../lib/gcc/arm-none-eabi/11.3.1/../../../../arm-none-eabi/lib/thumb/v7e-m+fp/hard/libc.a(libc_a-closer.o)
                0x000000000800ffac                _close_r
 .text._lseek_r
                0x000000000800ffd0       0x2c /home/zhc/stm32_tool/arm-gnu-toolchain-11.3.rel1-x86_64-arm-none-eabi/bin/../lib/gcc/arm-none-eabi/11.3.1/../../../../arm-none-eabi/lib/thumb/v7e-m+fp/hard/libc.a(libc_a-lseekr.o)
                0x000000000800ffd0                _lseek_r
 .text._read_r  0x000000000800fffc       0x2c /home/zhc/stm32_tool/arm-gnu-toolchain-11.3.rel1-x86_64-arm-none-eabi/bin/../lib/gcc/arm-none-eabi/11.3.1/../../../../arm-none-eabi/lib/thumb/v7e-m+fp/hard/libc.a(libc_a-readr.o)
                0x000000000800fffc                _read_r
 .text.fiprintf
                0x0000000008010028       0x28 /home/zhc/stm32_tool/arm-gnu-toolchain-11.3.rel1-x86_64-arm-none-eabi/bin/../lib/gcc/arm-none-eabi/11.3.1/../../../../arm-none-eabi/lib/thumb/v7e-m+fp/hard/libc.a(libc_a-fiprintf.o)
                0x0000000008010028                fiprintf
 .text.__sprint_r.part.0
                0x0000000008010050       0x78 /home/zhc/stm32_tool/arm-gnu-toolchain-11.3.rel1-x86_64-arm-none-eabi/bin/../lib/gcc/arm-none-eabi/11.3.1/../../../../arm-none-eabi/lib/thumb/v7e-m+fp/hard/libc.a(libc_a-vfiprintf.o)
 .text._vfiprintf_r
                0x00000000080100c8      0xf8c /home/zhc/stm32_tool/arm-gnu-toolchain-11.3.rel1-x86_64-arm-none-eabi/bin/../lib/gcc/arm-none-eabi/11.3.1/../../../../arm-none-eabi/lib/thumb/v7e-m+fp/hard/libc.a(libc_a-vfiprintf.o)
                0x00000000080100c8                _vfiprintf_r
 .text.__sbprintf
                0x0000000008011054       0x80 /home/zhc/stm32_tool/arm-gnu-toolchain-11.3.rel1-x86_64-arm-none-eabi/bin/../lib/gcc/arm-none-eabi/11.3.1/../../../../arm-none-eabi/lib/thumb/v7e-m+fp/hard/libc.a(libc_a-vfiprintf.o)
 .text.__fputwc
                0x00000000080110d4       0xac /home/zhc/stm32_tool/arm-gnu-toolchain-11.3.rel1-x86_64-arm-none-eabi/bin/../lib/gcc/arm-none-eabi/11.3.1/../../../../arm-none-eabi/lib/thumb/v7e-m+fp/hard/libc.a(libc_a-fputwc.o)
                0x00000000080110d4                __fputwc
 .text._fputwc_r
                0x0000000008011180       0x68 /home/zhc/stm32_tool/arm-gnu-toolchain-11.3.rel1-x86_64-arm-none-eabi/bin/../lib/gcc/arm-none-eabi/11.3.1/../../../../arm-none-eabi/lib/thumb/v7e-m+fp/hard/libc.a(libc_a-fputwc.o)
                0x0000000008011180                _fputwc_r
 .text.__udivmoddi4
                0x00000000080111e8      0x2c8 /home/zhc/stm32_tool/arm-gnu-toolchain-11.3.rel1-x86_64-arm-none-eabi/bin/../lib/gcc/arm-none-eabi/11.3.1/thumb/v7e-m+fp/hard/libgcc.a(_udivmoddi4.o)
                0x00000000080111e8                __udivmoddi4
 .text.selfrel_offset31
                0x00000000080114b0       0x14 /home/zhc/stm32_tool/arm-gnu-toolchain-11.3.rel1-x86_64-arm-none-eabi/bin/../lib/gcc/arm-none-eabi/11.3.1/thumb/v7e-m+fp/hard/libgcc.a(unwind-arm.o)
 .text.search_EIT_table
                0x00000000080114c4       0x5c /home/zhc/stm32_tool/arm-gnu-toolchain-11.3.rel1-x86_64-arm-none-eabi/bin/../lib/gcc/arm-none-eabi/11.3.1/thumb/v7e-m+fp/hard/libgcc.a(unwind-arm.o)
 .text.__gnu_unwind_get_pr_addr
                0x0000000008011520       0x28 /home/zhc/stm32_tool/arm-gnu-toolchain-11.3.rel1-x86_64-arm-none-eabi/bin/../lib/gcc/arm-none-eabi/11.3.1/thumb/v7e-m+fp/hard/libgcc.a(unwind-arm.o)
 .text.get_eit_entry
                0x0000000008011548       0x98 /home/zhc/stm32_tool/arm-gnu-toolchain-11.3.rel1-x86_64-arm-none-eabi/bin/../lib/gcc/arm-none-eabi/11.3.1/thumb/v7e-m+fp/hard/libgcc.a(unwind-arm.o)
 .text.restore_non_core_regs
                0x00000000080115e0       0x58 /home/zhc/stm32_tool/arm-gnu-toolchain-11.3.rel1-x86_64-arm-none-eabi/bin/../lib/gcc/arm-none-eabi/11.3.1/thumb/v7e-m+fp/hard/libgcc.a(unwind-arm.o)
 .text._Unwind_decode_typeinfo_ptr.constprop.0
                0x0000000008011638        0xc /home/zhc/stm32_tool/arm-gnu-toolchain-11.3.rel1-x86_64-arm-none-eabi/bin/../lib/gcc/arm-none-eabi/11.3.1/thumb/v7e-m+fp/hard/libgcc.a(unwind-arm.o)
 .text._Unwind_DebugHook
                0x0000000008011644        0x4 /home/zhc/stm32_tool/arm-gnu-toolchain-11.3.rel1-x86_64-arm-none-eabi/bin/../lib/gcc/arm-none-eabi/11.3.1/thumb/v7e-m+fp/hard/libgcc.a(unwind-arm.o)
 .text.unwind_phase2
                0x0000000008011648       0x3c /home/zhc/stm32_tool/arm-gnu-toolchain-11.3.rel1-x86_64-arm-none-eabi/bin/../lib/gcc/arm-none-eabi/11.3.1/thumb/v7e-m+fp/hard/libgcc.a(unwind-arm.o)
 .text.unwind_phase2_forced
                0x0000000008011684       0xcc /home/zhc/stm32_tool/arm-gnu-toolchain-11.3.rel1-x86_64-arm-none-eabi/bin/../lib/gcc/arm-none-eabi/11.3.1/thumb/v7e-m+fp/hard/libgcc.a(unwind-arm.o)
 .text.__gnu_Unwind_RaiseException
                0x0000000008011750       0x68 /home/zhc/stm32_tool/arm-gnu-toolchain-11.3.rel1-x86_64-arm-none-eabi/bin/../lib/gcc/arm-none-eabi/11.3.1/thumb/v7e-m+fp/hard/libgcc.a(unwind-arm.o)
                0x0000000008011750                __gnu_Unwind_RaiseException
 .text.__gnu_Unwind_ForcedUnwind
                0x00000000080117b8       0x10 /home/zhc/stm32_tool/arm-gnu-toolchain-11.3.rel1-x86_64-arm-none-eabi/bin/../lib/gcc/arm-none-eabi/11.3.1/thumb/v7e-m+fp/hard/libgcc.a(unwind-arm.o)
                0x00000000080117b8                __gnu_Unwind_ForcedUnwind
 .text.__gnu_Unwind_Resume
                0x00000000080117c8       0x44 /home/zhc/stm32_tool/arm-gnu-toolchain-11.3.rel1-x86_64-arm-none-eabi/bin/../lib/gcc/arm-none-eabi/11.3.1/thumb/v7e-m+fp/hard/libgcc.a(unwind-arm.o)
                0x00000000080117c8                __gnu_Unwind_Resume
 .text.__gnu_Unwind_Resume_or_Rethrow
                0x000000000801180c       0x14 /home/zhc/stm32_tool/arm-gnu-toolchain-11.3.rel1-x86_64-arm-none-eabi/bin/../lib/gcc/arm-none-eabi/11.3.1/thumb/v7e-m+fp/hard/libgcc.a(unwind-arm.o)
                0x000000000801180c                __gnu_Unwind_Resume_or_Rethrow
 .text._Unwind_Complete
                0x0000000008011820        0x4 /home/zhc/stm32_tool/arm-gnu-toolchain-11.3.rel1-x86_64-arm-none-eabi/bin/../lib/gcc/arm-none-eabi/11.3.1/thumb/v7e-m+fp/hard/libgcc.a(unwind-arm.o)
                0x0000000008011820                _Unwind_Complete
 .text._Unwind_DeleteException
                0x0000000008011824        0xc /home/zhc/stm32_tool/arm-gnu-toolchain-11.3.rel1-x86_64-arm-none-eabi/bin/../lib/gcc/arm-none-eabi/11.3.1/thumb/v7e-m+fp/hard/libgcc.a(unwind-arm.o)
                0x0000000008011824                _Unwind_DeleteException
 .text._Unwind_VRS_Get
                0x0000000008011830       0x30 /home/zhc/stm32_tool/arm-gnu-toolchain-11.3.rel1-x86_64-arm-none-eabi/bin/../lib/gcc/arm-none-eabi/11.3.1/thumb/v7e-m+fp/hard/libgcc.a(unwind-arm.o)
                0x0000000008011830                _Unwind_VRS_Get
 .text._Unwind_GetGR
                0x0000000008011860       0x1c /home/zhc/stm32_tool/arm-gnu-toolchain-11.3.rel1-x86_64-arm-none-eabi/bin/../lib/gcc/arm-none-eabi/11.3.1/thumb/v7e-m+fp/hard/libgcc.a(unwind-arm.o)
 .text._Unwind_VRS_Set
                0x000000000801187c       0x30 /home/zhc/stm32_tool/arm-gnu-toolchain-11.3.rel1-x86_64-arm-none-eabi/bin/../lib/gcc/arm-none-eabi/11.3.1/thumb/v7e-m+fp/hard/libgcc.a(unwind-arm.o)
                0x000000000801187c                _Unwind_VRS_Set
 .text._Unwind_SetGR
                0x00000000080118ac       0x18 /home/zhc/stm32_tool/arm-gnu-toolchain-11.3.rel1-x86_64-arm-none-eabi/bin/../lib/gcc/arm-none-eabi/11.3.1/thumb/v7e-m+fp/hard/libgcc.a(unwind-arm.o)
 .text.__gnu_Unwind_Backtrace
                0x00000000080118c4       0x84 /home/zhc/stm32_tool/arm-gnu-toolchain-11.3.rel1-x86_64-arm-none-eabi/bin/../lib/gcc/arm-none-eabi/11.3.1/thumb/v7e-m+fp/hard/libgcc.a(unwind-arm.o)
                0x00000000080118c4                __gnu_Unwind_Backtrace
 .text.__gnu_unwind_pr_common
                0x0000000008011948      0x2a8 /home/zhc/stm32_tool/arm-gnu-toolchain-11.3.rel1-x86_64-arm-none-eabi/bin/../lib/gcc/arm-none-eabi/11.3.1/thumb/v7e-m+fp/hard/libgcc.a(unwind-arm.o)
 .text.__aeabi_unwind_cpp_pr0
                0x0000000008011bf0        0x8 /home/zhc/stm32_tool/arm-gnu-toolchain-11.3.rel1-x86_64-arm-none-eabi/bin/../lib/gcc/arm-none-eabi/11.3.1/thumb/v7e-m+fp/hard/libgcc.a(unwind-arm.o)
                0x0000000008011bf0                __aeabi_unwind_cpp_pr0
 .text.__aeabi_unwind_cpp_pr1
                0x0000000008011bf8        0x8 /home/zhc/stm32_tool/arm-gnu-toolchain-11.3.rel1-x86_64-arm-none-eabi/bin/../lib/gcc/arm-none-eabi/11.3.1/thumb/v7e-m+fp/hard/libgcc.a(unwind-arm.o)
                0x0000000008011bf8                __aeabi_unwind_cpp_pr1
 .text.__aeabi_unwind_cpp_pr2
                0x0000000008011c00        0x8 /home/zhc/stm32_tool/arm-gnu-toolchain-11.3.rel1-x86_64-arm-none-eabi/bin/../lib/gcc/arm-none-eabi/11.3.1/thumb/v7e-m+fp/hard/libgcc.a(unwind-arm.o)
                0x0000000008011c00                __aeabi_unwind_cpp_pr2
 .text._Unwind_VRS_Pop
                0x0000000008011c08      0x2b0 /home/zhc/stm32_tool/arm-gnu-toolchain-11.3.rel1-x86_64-arm-none-eabi/bin/../lib/gcc/arm-none-eabi/11.3.1/thumb/v7e-m+fp/hard/libgcc.a(unwind-arm.o)
                0x0000000008011c08                _Unwind_VRS_Pop
 .text.next_unwind_byte
                0x0000000008011eb8       0x38 /home/zhc/stm32_tool/arm-gnu-toolchain-11.3.rel1-x86_64-arm-none-eabi/bin/../lib/gcc/arm-none-eabi/11.3.1/thumb/v7e-m+fp/hard/libgcc.a(pr-support.o)
 .text._Unwind_GetGR.constprop.0
                0x0000000008011ef0       0x1c /home/zhc/stm32_tool/arm-gnu-toolchain-11.3.rel1-x86_64-arm-none-eabi/bin/../lib/gcc/arm-none-eabi/11.3.1/thumb/v7e-m+fp/hard/libgcc.a(pr-support.o)
 .text.unwind_UCB_from_context
                0x0000000008011f0c        0x4 /home/zhc/stm32_tool/arm-gnu-toolchain-11.3.rel1-x86_64-arm-none-eabi/bin/../lib/gcc/arm-none-eabi/11.3.1/thumb/v7e-m+fp/hard/libgcc.a(pr-support.o)
 .text.__gnu_unwind_execute
                0x0000000008011f10      0x28c /home/zhc/stm32_tool/arm-gnu-toolchain-11.3.rel1-x86_64-arm-none-eabi/bin/../lib/gcc/arm-none-eabi/11.3.1/thumb/v7e-m+fp/hard/libgcc.a(pr-support.o)
                0x0000000008011f10                __gnu_unwind_execute
 .text.__gnu_unwind_frame
                0x000000000801219c       0x2c /home/zhc/stm32_tool/arm-gnu-toolchain-11.3.rel1-x86_64-arm-none-eabi/bin/../lib/gcc/arm-none-eabi/11.3.1/thumb/v7e-m+fp/hard/libgcc.a(pr-support.o)
                0x000000000801219c                __gnu_unwind_frame
 .text._Unwind_GetRegionStart
                0x00000000080121c8        0xc /home/zhc/stm32_tool/arm-gnu-toolchain-11.3.rel1-x86_64-arm-none-eabi/bin/../lib/gcc/arm-none-eabi/11.3.1/thumb/v7e-m+fp/hard/libgcc.a(pr-support.o)
                0x00000000080121c8                _Unwind_GetRegionStart
 .text._Unwind_GetLanguageSpecificData
                0x00000000080121d4       0x14 /home/zhc/stm32_tool/arm-gnu-toolchain-11.3.rel1-x86_64-arm-none-eabi/bin/../lib/gcc/arm-none-eabi/11.3.1/thumb/v7e-m+fp/hard/libgcc.a(pr-support.o)
                0x00000000080121d4                _Unwind_GetLanguageSpecificData
 .text.unlikely._Unwind_GetDataRelBase